../Drivers/STM32L0xx_HAL_Driver/Src/stm32l0xx_ll_utils.c:147:6:LL_Init1msTick	8	static
../Drivers/STM32L0xx_HAL_Driver/Src/stm32l0xx_ll_utils.c:163:6:LL_mDelay	8	static
../Drivers/STM32L0xx_HAL_Driver/Src/stm32l0xx_ll_utils.c:225:6:LL_SetSystemCoreClock	0	static
../Drivers/STM32L0xx_HAL_Driver/Src/stm32l0xx_ll_utils.c:239:13:LL_SetFlashLatency	8	static
../Drivers/STM32L0xx_HAL_Driver/Src/stm32l0xx_ll_utils.c:521:20:UTILS_EnablePLLAndSwitchSystem	16	static
../Drivers/STM32L0xx_HAL_Driver/Src/stm32l0xx_ll_utils.c:338:13:LL_PLL_ConfigSystemClock_HSI	24	static
../Drivers/STM32L0xx_HAL_Driver/Src/stm32l0xx_ll_utils.c:397:13:LL_PLL_ConfigSystemClock_HSE	24	static
