../Drivers/STM32L0xx_HAL_Driver/Src/stm32l0xx_ll_tim.c:146:13:LL_TIM_DeInit	0	static
../Drivers/STM32L0xx_HAL_Driver/Src/stm32l0xx_ll_tim.c:205:6:LL_TIM_StructInit	0	static
../Drivers/STM32L0xx_HAL_Driver/Src/stm32l0xx_ll_tim.c:223:13:LL_TIM_Init	8	static
../Drivers/STM32L0xx_HAL_Driver/Src/stm32l0xx_ll_tim.c:268:6:LL_TIM_OC_StructInit	0	static
../Drivers/STM32L0xx_HAL_Driver/Src/stm32l0xx_ll_tim.c:291:13:LL_TIM_OC_Init	16	static
../Drivers/STM32L0xx_HAL_Driver/Src/stm32l0xx_ll_tim.c:323:6:LL_TIM_IC_StructInit	0	static
../Drivers/STM32L0xx_HAL_Driver/Src/stm32l0xx_ll_tim.c:346:13:LL_TIM_IC_Init	12	static
../Drivers/STM32L0xx_HAL_Driver/Src/stm32l0xx_ll_tim.c:377:6:LL_TIM_ENCODER_StructInit	0	static
../Drivers/STM32L0xx_HAL_Driver/Src/stm32l0xx_ll_tim.c:400:13:LL_TIM_ENCODER_Init	16	static
