../Drivers/STM32L0xx_HAL_Driver/Inc/stm32l0xx_ll_rcc.h:802:26:LL_RCC_HSI_IsReady	0	static
../Drivers/STM32L0xx_HAL_Driver/Inc/stm32l0xx_ll_rcc.h:2097:26:LL_RCC_IsActiveFlag_HSIDIV	0	static
../Drivers/STM32L0xx_HAL_Driver/Src/stm32l0xx_ll_rcc.c:622:17:RCC_GetHCLKClockFreq	0	static
../Drivers/STM32L0xx_HAL_Driver/Src/stm32l0xx_ll_rcc.c:633:17:RCC_GetPCLK1ClockFreq	0	static
../Drivers/STM32L0xx_HAL_Driver/Src/stm32l0xx_ll_rcc.c:579:17:RCC_GetSystemClockFreq	8	static
../Drivers/STM32L0xx_HAL_Driver/Src/stm32l0xx_ll_rcc.c:112:13:LL_RCC_DeInit	16	static,ignoring_inline_asm
../Drivers/STM32L0xx_HAL_Driver/Src/stm32l0xx_ll_rcc.c:222:6:LL_RCC_GetSystemClocksFreq	8	static
../Drivers/STM32L0xx_HAL_Driver/Src/stm32l0xx_ll_rcc.c:247:10:LL_RCC_GetUSARTClockFreq	8	static
../Drivers/STM32L0xx_HAL_Driver/Src/stm32l0xx_ll_rcc.c:344:10:LL_RCC_GetI2CClockFreq	8	static
../Drivers/STM32L0xx_HAL_Driver/Src/stm32l0xx_ll_rcc.c:423:10:LL_RCC_GetLPUARTClockFreq	8	static
../Drivers/STM32L0xx_HAL_Driver/Src/stm32l0xx_ll_rcc.c:474:10:LL_RCC_GetLPTIMClockFreq	8	static
