../Drivers/STM32L0xx_HAL_Driver/Src/stm32l0xx_hal_flash_ex.c:1046:26:FLASH_OB_ProtectedSectorsConfig	16	static
../Drivers/STM32L0xx_HAL_Driver/Src/stm32l0xx_hal_flash_ex.c:327:19:HAL_FLASHEx_OBProgram	32	static
../Drivers/STM32L0xx_HAL_Driver/Src/stm32l0xx_hal_flash_ex.c:410:6:HAL_FLASHEx_OBGetConfig	0	static
../Drivers/STM32L0xx_HAL_Driver/Src/stm32l0xx_hal_flash_ex.c:443:19:HAL_FLASHEx_AdvOBProgram	8	static
../Drivers/STM32L0xx_HAL_Driver/Src/stm32l0xx_hal_flash_ex.c:486:6:HAL_FLASHEx_AdvOBGetConfig	0	static
../Drivers/STM32L0xx_HAL_Driver/Src/stm32l0xx_hal_flash_ex.c:526:19:HAL_FLASHEx_OB_SelectPCROP	8	static
../Drivers/STM32L0xx_HAL_Driver/Src/stm32l0xx_hal_flash_ex.c:568:19:HAL_FLASHEx_OB_DeSelectPCROP	8	static
../Drivers/STM32L0xx_HAL_Driver/Src/stm32l0xx_hal_flash_ex.c:634:19:HAL_FLASHEx_DATAEEPROM_Unlock	0	static,ignoring_inline_asm
../Drivers/STM32L0xx_HAL_Driver/Src/stm32l0xx_hal_flash_ex.c:664:19:HAL_FLASHEx_DATAEEPROM_Lock	0	static
../Drivers/STM32L0xx_HAL_Driver/Src/stm32l0xx_hal_flash_ex.c:682:19:HAL_FLASHEx_DATAEEPROM_Erase	8	static
../Drivers/STM32L0xx_HAL_Driver/Src/stm32l0xx_hal_flash_ex.c:724:21:HAL_FLASHEx_DATAEEPROM_Program	24	static
../Drivers/STM32L0xx_HAL_Driver/Src/stm32l0xx_hal_flash_ex.c:780:6:HAL_FLASHEx_DATAEEPROM_EnableFixedTimeProgram	0	static
../Drivers/STM32L0xx_HAL_Driver/Src/stm32l0xx_hal_flash_ex.c:789:6:HAL_FLASHEx_DATAEEPROM_DisableFixedTimeProgram	0	static
../Drivers/STM32L0xx_HAL_Driver/Src/stm32l0xx_hal_flash_ex.c:1246:6:FLASH_PageErase	8	static
../Drivers/STM32L0xx_HAL_Driver/Src/stm32l0xx_hal_flash_ex.c:171:19:HAL_FLASHEx_Erase	24	static
../Drivers/STM32L0xx_HAL_Driver/Src/stm32l0xx_hal_flash_ex.c:235:19:HAL_FLASHEx_Erase_IT	32	static
