stm32l0xx_ll_rcc.h:802:26:LL_RCC_HSI_IsReady	0	static
stm32l0xx_ll_rcc.h:2097:26:LL_RCC_IsActiveFlag_HSIDIV	0	static
stm32l0xx_ll_rcc.c:112:13:LL_RCC_DeInit	16	static,ignoring_inline_asm
stm32l0xx_ll_rcc.c:622:10:RCC_GetHCLKClockFreq	0	static
stm32l0xx_ll_rcc.c:633:10:RCC_GetPCLK1ClockFreq	0	static
stm32l0xx_ll_rcc.c:644:10:RCC_GetPCLK2ClockFreq	0	static
stm32l0xx_ll_rcc.c:654:10:RCC_PLL_GetFreqDomain_SYS	8	static
stm32l0xx_ll_rcc.c:579:10:RCC_GetSystemClockFreq	8	static
stm32l0xx_ll_rcc.c:222:6:LL_RCC_GetSystemClocksFreq	8	static
stm32l0xx_ll_rcc.c:247:10:LL_RCC_GetUSARTClockFreq	8	static
stm32l0xx_ll_rcc.c:344:10:LL_RCC_GetI2CClockFreq	8	static
stm32l0xx_ll_rcc.c:423:10:LL_RCC_GetLPUARTClockFreq	8	static
stm32l0xx_ll_rcc.c:474:10:LL_RCC_GetLPTIMClockFreq	8	static
