../Drivers/STM32L0xx_HAL_Driver/Src/stm32l0xx_hal_rcc.c:223:19:HAL_RCC_DeInit	32	static
../Drivers/STM32L0xx_HAL_Driver/Src/stm32l0xx_hal_rcc.c:1120:6:HAL_RCC_MCOConfig	56	static
../Drivers/STM32L0xx_HAL_Driver/Src/stm32l0xx_hal_rcc.c:1213:10:HAL_RCC_GetSysClockFreq	16	static
../Drivers/STM32L0xx_HAL_Driver/Src/stm32l0xx_hal_rcc.c:338:19:HAL_RCC_OscConfig	40	static
../Drivers/STM32L0xx_HAL_Driver/Src/stm32l0xx_hal_rcc.c:859:19:HAL_RCC_ClockConfig	32	static
../Drivers/STM32L0xx_HAL_Driver/Src/stm32l0xx_hal_rcc.c:1283:10:HAL_RCC_GetHCLKFreq	0	static
../Drivers/STM32L0xx_HAL_Driver/Src/stm32l0xx_hal_rcc.c:1294:10:HAL_RCC_GetPCLK1Freq	0	static
../Drivers/STM32L0xx_HAL_Driver/Src/stm32l0xx_hal_rcc.c:1306:10:HAL_RCC_GetPCLK2Freq	0	static
../Drivers/STM32L0xx_HAL_Driver/Src/stm32l0xx_hal_rcc.c:1319:6:HAL_RCC_GetOscConfig	8	static
../Drivers/STM32L0xx_HAL_Driver/Src/stm32l0xx_hal_rcc.c:1422:6:HAL_RCC_GetClockConfig	12	static
