stm32l0xx_hal_adc.c:2259:26:ADC_Disable	16	static
stm32l0xx_hal_adc.c:2201:26:ADC_Enable	24	static
stm32l0xx_hal_adc.c:2316:26:ADC_ConversionStop	16	static
stm32l0xx_hal_adc.c:779:13:HAL_ADC_MspInit	0	static
stm32l0xx_hal_adc.c:402:19:HAL_ADC_Init	16	static
stm32l0xx_hal_adc.c:794:13:HAL_ADC_MspDeInit	0	static
stm32l0xx_hal_adc.c:648:19:HAL_ADC_DeInit	16	static
stm32l0xx_hal_adc.c:1032:19:HAL_ADC_Start	16	static
stm32l0xx_hal_adc.c:1098:19:HAL_ADC_Stop	16	static
stm32l0xx_hal_adc.c:1152:19:HAL_ADC_PollForConversion	24	static
stm32l0xx_hal_adc.c:1278:19:HAL_ADC_PollForEvent	24	static
stm32l0xx_hal_adc.c:1361:19:HAL_ADC_Start_IT	16	static
stm32l0xx_hal_adc.c:1442:19:HAL_ADC_Stop_IT	16	static
stm32l0xx_hal_adc.c:1492:19:HAL_ADC_Start_DMA	32	static
stm32l0xx_hal_adc.c:1582:19:HAL_ADC_Stop_DMA	24	static
stm32l0xx_hal_adc.c:1667:10:HAL_ADC_GetValue	0	static
stm32l0xx_hal_adc.c:1815:13:HAL_ADC_ConvCpltCallback	0	static
stm32l0xx_hal_adc.c:2367:13:ADC_DMAConvCplt	8	static
stm32l0xx_hal_adc.c:1830:13:HAL_ADC_ConvHalfCpltCallback	0	static
stm32l0xx_hal_adc.c:2431:13:ADC_DMAHalfConvCplt	8	static
stm32l0xx_hal_adc.c:1845:13:HAL_ADC_LevelOutOfWindowCallback	0	static
stm32l0xx_hal_adc.c:1867:13:HAL_ADC_ErrorCallback	0	static
stm32l0xx_hal_adc.c:2449:13:ADC_DMAError	8	static
stm32l0xx_hal_adc.c:1684:6:HAL_ADC_IRQHandler	16	static
stm32l0xx_hal_adc.c:1918:19:HAL_ADC_ConfigChannel	12	static
stm32l0xx_hal_adc.c:2037:19:HAL_ADC_AnalogWDGConfig	16	static
stm32l0xx_hal_adc.c:2154:10:HAL_ADC_GetState	0	static
stm32l0xx_hal_adc.c:2168:10:HAL_ADC_GetError	0	static
