Archive member included to satisfy reference by file (symbol)

/opt/st/stm32cubeide_1.16.0/plugins/com.st.stm32cube.ide.mcu.externaltools.gnu-tools-for-stm32.12.3.rel1.linux64_1.0.200.202406132123/tools/bin/../lib/gcc/arm-none-eabi/12.3.1/../../../../arm-none-eabi/lib/thumb/v6-m/nofp/libc_nano.a(libc_a-exit.o)
                              /opt/st/stm32cubeide_1.16.0/plugins/com.st.stm32cube.ide.mcu.externaltools.gnu-tools-for-stm32.12.3.rel1.linux64_1.0.200.202406132123/tools/bin/../lib/gcc/arm-none-eabi/12.3.1/../../../../arm-none-eabi/lib/thumb/v6-m/nofp/crt0.o (exit)
/opt/st/stm32cubeide_1.16.0/plugins/com.st.stm32cube.ide.mcu.externaltools.gnu-tools-for-stm32.12.3.rel1.linux64_1.0.200.202406132123/tools/bin/../lib/gcc/arm-none-eabi/12.3.1/../../../../arm-none-eabi/lib/thumb/v6-m/nofp/libc_nano.a(libc_a-findfp.o)
                              /opt/st/stm32cubeide_1.16.0/plugins/com.st.stm32cube.ide.mcu.externaltools.gnu-tools-for-stm32.12.3.rel1.linux64_1.0.200.202406132123/tools/bin/../lib/gcc/arm-none-eabi/12.3.1/../../../../arm-none-eabi/lib/thumb/v6-m/nofp/libc_nano.a(libc_a-exit.o) (__stdio_exit_handler)
/opt/st/stm32cubeide_1.16.0/plugins/com.st.stm32cube.ide.mcu.externaltools.gnu-tools-for-stm32.12.3.rel1.linux64_1.0.200.202406132123/tools/bin/../lib/gcc/arm-none-eabi/12.3.1/../../../../arm-none-eabi/lib/thumb/v6-m/nofp/libc_nano.a(libc_a-fwalk.o)
                              /opt/st/stm32cubeide_1.16.0/plugins/com.st.stm32cube.ide.mcu.externaltools.gnu-tools-for-stm32.12.3.rel1.linux64_1.0.200.202406132123/tools/bin/../lib/gcc/arm-none-eabi/12.3.1/../../../../arm-none-eabi/lib/thumb/v6-m/nofp/libc_nano.a(libc_a-findfp.o) (_fwalk_sglue)
/opt/st/stm32cubeide_1.16.0/plugins/com.st.stm32cube.ide.mcu.externaltools.gnu-tools-for-stm32.12.3.rel1.linux64_1.0.200.202406132123/tools/bin/../lib/gcc/arm-none-eabi/12.3.1/../../../../arm-none-eabi/lib/thumb/v6-m/nofp/libc_nano.a(libc_a-sprintf.o)
                              ./Core/Src/main.o (sprintf)
/opt/st/stm32cubeide_1.16.0/plugins/com.st.stm32cube.ide.mcu.externaltools.gnu-tools-for-stm32.12.3.rel1.linux64_1.0.200.202406132123/tools/bin/../lib/gcc/arm-none-eabi/12.3.1/../../../../arm-none-eabi/lib/thumb/v6-m/nofp/libc_nano.a(libc_a-stdio.o)
                              /opt/st/stm32cubeide_1.16.0/plugins/com.st.stm32cube.ide.mcu.externaltools.gnu-tools-for-stm32.12.3.rel1.linux64_1.0.200.202406132123/tools/bin/../lib/gcc/arm-none-eabi/12.3.1/../../../../arm-none-eabi/lib/thumb/v6-m/nofp/libc_nano.a(libc_a-findfp.o) (__sread)
/opt/st/stm32cubeide_1.16.0/plugins/com.st.stm32cube.ide.mcu.externaltools.gnu-tools-for-stm32.12.3.rel1.linux64_1.0.200.202406132123/tools/bin/../lib/gcc/arm-none-eabi/12.3.1/../../../../arm-none-eabi/lib/thumb/v6-m/nofp/libc_nano.a(libc_a-memset.o)
                              /opt/st/stm32cubeide_1.16.0/plugins/com.st.stm32cube.ide.mcu.externaltools.gnu-tools-for-stm32.12.3.rel1.linux64_1.0.200.202406132123/tools/bin/../lib/gcc/arm-none-eabi/12.3.1/../../../../arm-none-eabi/lib/thumb/v6-m/nofp/crt0.o (memset)
/opt/st/stm32cubeide_1.16.0/plugins/com.st.stm32cube.ide.mcu.externaltools.gnu-tools-for-stm32.12.3.rel1.linux64_1.0.200.202406132123/tools/bin/../lib/gcc/arm-none-eabi/12.3.1/../../../../arm-none-eabi/lib/thumb/v6-m/nofp/libc_nano.a(libc_a-closer.o)
                              /opt/st/stm32cubeide_1.16.0/plugins/com.st.stm32cube.ide.mcu.externaltools.gnu-tools-for-stm32.12.3.rel1.linux64_1.0.200.202406132123/tools/bin/../lib/gcc/arm-none-eabi/12.3.1/../../../../arm-none-eabi/lib/thumb/v6-m/nofp/libc_nano.a(libc_a-stdio.o) (_close_r)
/opt/st/stm32cubeide_1.16.0/plugins/com.st.stm32cube.ide.mcu.externaltools.gnu-tools-for-stm32.12.3.rel1.linux64_1.0.200.202406132123/tools/bin/../lib/gcc/arm-none-eabi/12.3.1/../../../../arm-none-eabi/lib/thumb/v6-m/nofp/libc_nano.a(libc_a-reent.o)
                              /opt/st/stm32cubeide_1.16.0/plugins/com.st.stm32cube.ide.mcu.externaltools.gnu-tools-for-stm32.12.3.rel1.linux64_1.0.200.202406132123/tools/bin/../lib/gcc/arm-none-eabi/12.3.1/../../../../arm-none-eabi/lib/thumb/v6-m/nofp/libc_nano.a(libc_a-closer.o) (errno)
/opt/st/stm32cubeide_1.16.0/plugins/com.st.stm32cube.ide.mcu.externaltools.gnu-tools-for-stm32.12.3.rel1.linux64_1.0.200.202406132123/tools/bin/../lib/gcc/arm-none-eabi/12.3.1/../../../../arm-none-eabi/lib/thumb/v6-m/nofp/libc_nano.a(libc_a-impure.o)
                              /opt/st/stm32cubeide_1.16.0/plugins/com.st.stm32cube.ide.mcu.externaltools.gnu-tools-for-stm32.12.3.rel1.linux64_1.0.200.202406132123/tools/bin/../lib/gcc/arm-none-eabi/12.3.1/../../../../arm-none-eabi/lib/thumb/v6-m/nofp/libc_nano.a(libc_a-sprintf.o) (_impure_ptr)
/opt/st/stm32cubeide_1.16.0/plugins/com.st.stm32cube.ide.mcu.externaltools.gnu-tools-for-stm32.12.3.rel1.linux64_1.0.200.202406132123/tools/bin/../lib/gcc/arm-none-eabi/12.3.1/../../../../arm-none-eabi/lib/thumb/v6-m/nofp/libc_nano.a(libc_a-lseekr.o)
[...]
Memory Configuration

Name             Origin             Length             Attributes
RAM              0x20000000         0x00000800         xrw
FLASH            0x08000000         0x00004000         xr
*default*        0x00000000         0xffffffff

Linker script and memory map

LOAD /opt/st/stm32cubeide_1.16.0/plugins/com.st.stm32cube.ide.mcu.externaltools.gnu-tools-for-stm32.12.3.rel1.linux64_1.0.200.202406132123/tools/bin/../lib/gcc/arm-none-eabi/12.3.1/thumb/v6-m/nofp/crti.o
LOAD /opt/st/stm32cubeide_1.16.0/plugins/com.st.stm32cube.ide.mcu.externaltools.gnu-tools-for-stm32.12.3.rel1.linux64_1.0.200.202406132123/tools/bin/../lib/gcc/arm-none-eabi/12.3.1/thumb/v6-m/nofp/crtbegin.o
LOAD /opt/st/stm32cubeide_1.16.0/plugins/com.st.stm32cube.ide.mcu.externaltools.gnu-tools-for-stm32.12.3.rel1.linux64_1.0.200.202406132123/tools/bin/../lib/gcc/arm-none-eabi/12.3.1/../../../../arm-none-eabi/lib/thumb/v6-m/nofp/crt0.o
LOAD ./Core/Src/hd44780.o
LOAD ./Core/Src/main.o
LOAD ./Core/Src/stm32l0xx_hal_msp.o
LOAD ./Core/Src/stm32l0xx_it.o
LOAD ./Core/Src/syscalls.o
LOAD ./Core/Src/sysmem.o
LOAD ./Core/Src/system_stm32l0xx.o
LOAD ./Core/Startup/startup_stm32l010f4px.o
LOAD ./Drivers/STM32L0xx_HAL_Driver/Src/stm32l0xx_hal.o
LOAD ./Drivers/STM32L0xx_HAL_Driver/Src/stm32l0xx_hal_cortex.o
LOAD ./Drivers/STM32L0xx_HAL_Driver/Src/stm32l0xx_hal_dma.o
LOAD ./Drivers/STM32L0xx_HAL_Driver/Src/stm32l0xx_hal_exti.o
LOAD ./Drivers/STM32L0xx_HAL_Driver/Src/stm32l0xx_hal_flash.o
LOAD ./Drivers/STM32L0xx_HAL_Driver/Src/stm32l0xx_hal_flash_ex.o
LOAD ./Drivers/STM32L0xx_HAL_Driver/Src/stm32l0xx_hal_flash_ramfunc.o
LOAD ./Drivers/STM32L0xx_HAL_Driver/Src/stm32l0xx_hal_gpio.o
LOAD ./Drivers/STM32L0xx_HAL_Driver/Src/stm32l0xx_hal_i2c.o
LOAD ./Drivers/STM32L0xx_HAL_Driver/Src/stm32l0xx_hal_i2c_ex.o
LOAD ./Drivers/STM32L0xx_HAL_Driver/Src/stm32l0xx_hal_pwr.o
LOAD ./Drivers/STM32L0xx_HAL_Driver/Src/stm32l0xx_hal_pwr_ex.o
LOAD ./Drivers/STM32L0xx_HAL_Driver/Src/stm32l0xx_hal_rcc.o
LOAD ./Drivers/STM32L0xx_HAL_Driver/Src/stm32l0xx_hal_rcc_ex.o
LOAD ./Drivers/STM32L0xx_HAL_Driver/Src/stm32l0xx_hal_tim.o
LOAD ./Drivers/STM32L0xx_HAL_Driver/Src/stm32l0xx_hal_tim_ex.o
LOAD ./Drivers/STM32L0xx_HAL_Driver/Src/stm32l0xx_ll_adc.o
LOAD ./Drivers/STM32L0xx_HAL_Driver/Src/stm32l0xx_ll_dma.o
LOAD ./Drivers/STM32L0xx_HAL_Driver/Src/stm32l0xx_ll_exti.o
LOAD ./Drivers/STM32L0xx_HAL_Driver/Src/stm32l0xx_ll_gpio.o
LOAD ./Drivers/STM32L0xx_HAL_Driver/Src/stm32l0xx_ll_rcc.o
LOAD ./Drivers/STM32L0xx_HAL_Driver/Src/stm32l0xx_ll_tim.o
LOAD ./Drivers/STM32L0xx_HAL_Driver/Src/stm32l0xx_ll_usart.o
LOAD ./Drivers/STM32L0xx_HAL_Driver/Src/stm32l0xx_ll_utils.o
START GROUP
LOAD /opt/st/stm32cubeide_1.16.0/plugins/com.st.stm32cube.ide.mcu.externaltools.gnu-tools-for-stm32.12.3.rel1.linux64_1.0.200.202406132123/tools/bin/../lib/gcc/arm-none-eabi/12.3.1/../../../../arm-none-eabi/lib/thumb/v6-m/nofp/libc_nano.a
LOAD /opt/st/stm32cubeide_1.16.0/plugins/com.st.stm32cube.ide.mcu.externaltools.gnu-tools-for-stm32.12.3.rel1.linux64_1.0.200.202406132123/tools/bin/../lib/gcc/arm-none-eabi/12.3.1/../../../../arm-none-eabi/lib/thumb/v6-m/nofp/libm.a
END GROUP
START GROUP
LOAD /opt/st/stm32cubeide_1.16.0/plugins/com.st.stm32cube.ide.mcu.externaltools.gnu-tools-for-stm32.12.3.rel1.linux64_1.0.200.202406132123/tools/bin/../lib/gcc/arm-none-eabi/12.3.1/thumb/v6-m/nofp/libgcc.a
LOAD /opt/st/stm32cubeide_1.16.0/plugins/com.st.stm32cube.ide.mcu.externaltools.gnu-tools-for-stm32.12.3.rel1.linux64_1.0.200.202406132123/tools/bin/../lib/gcc/arm-none-eabi/12.3.1/../../../../arm-none-eabi/lib/thumb/v6-m/nofp/libc_nano.a
END GROUP
START GROUP
LOAD /opt/st/stm32cubeide_1.16.0/plugins/com.st.stm32cube.ide.mcu.externaltools.gnu-tools-for-stm32.12.3.rel1.linux64_1.0.200.202406132123/tools/bin/../lib/gcc/arm-none-eabi/12.3.1/thumb/v6-m/nofp/libgcc.a
LOAD /opt/st/stm32cubeide_1.16.0/plugins/com.st.stm32cube.ide.mcu.externaltools.gnu-tools-for-stm32.12.3.rel1.linux64_1.0.200.202406132123/tools/bin/../lib/gcc/arm-none-eabi/12.3.1/../../../../arm-none-eabi/lib/thumb/v6-m/nofp/libc_nano.a
LOAD /opt/st/stm32cubeide_1.16.0/plugins/com.st.stm32cube.ide.mcu.externaltools.gnu-tools-for-stm32.12.3.rel1.linux64_1.0.200.202406132123/tools/bin/../lib/gcc/arm-none-eabi/12.3.1/../../../../arm-none-eabi/lib/thumb/v6-m/nofp/libnosys.a
END GROUP
START GROUP
LOAD /opt/st/stm32cubeide_1.16.0/plugins/com.st.stm32cube.ide.mcu.externaltools.gnu-tools-for-stm32.12.3.rel1.linux64_1.0.200.202406132123/tools/bin/../lib/gcc/arm-none-eabi/12.3.1/thumb/v6-m/nofp/libgcc.a
LOAD /opt/st/stm32cubeide_1.16.0/plugins/com.st.stm32cube.ide.mcu.externaltools.gnu-tools-for-stm32.12.3.rel1.linux64_1.0.200.202406132123/tools/bin/../lib/gcc/arm-none-eabi/12.3.1/../../../../arm-none-eabi/lib/thumb/v6-m/nofp/libc_nano.a
LOAD /opt/st/stm32cubeide_1.16.0/plugins/com.st.stm32cube.ide.mcu.externaltools.gnu-tools-for-stm32.12.3.rel1.linux64_1.0.200.202406132123/tools/bin/../lib/gcc/arm-none-eabi/12.3.1/../../../../arm-none-eabi/lib/thumb/v6-m/nofp/libnosys.a
END GROUP
LOAD /opt/st/stm32cubeide_1.16.0/plugins/com.st.stm32cube.ide.mcu.externaltools.gnu-tools-for-stm32.12.3.rel1.linux64_1.0.200.202406132123/tools/bin/../lib/gcc/arm-none-eabi/12.3.1/thumb/v6-m/nofp/crtend.o
LOAD /opt/st/stm32cubeide_1.16.0/plugins/com.st.stm32cube.ide.mcu.externaltools.gnu-tools-for-stm32.12.3.rel1.linux64_1.0.200.202406132123/tools/bin/../lib/gcc/arm-none-eabi/12.3.1/thumb/v6-m/nofp/crtn.o
                0x20000800                        _estack = (ORIGIN (RAM) + LENGTH (RAM))
                0x00000200                        _Min_Heap_Size = 0x200
                0x00000200                        _Min_Stack_Size = 0x200

.isr_vector     0x08000000       0xc0
                0x08000000                        . = ALIGN (0x4)
 *(.isr_vector)
 .isr_vector    0x08000000       0xc0 ./Core/Startup/startup_stm32l010f4px.o
                0x08000000                g_pfnVectors
                0x080000c0                        . = ALIGN (0x4)

.text           0x080000c0     0x3624
                0x080000c0                        . = ALIGN (0x4)
 *(.text)
 .text          0x080000c0       0x48 /opt/st/stm32cubeide_1.16.0/plugins/com.st.stm32cube.ide.mcu.externaltools.gnu-tools-for-stm32.12.3.rel1.linux64_1.0.200.202406132123/tools/bin/../lib/gcc/arm-none-eabi/12.3.1/thumb/v6-m/nofp/crtbegin.o
 .text          0x08000108       0x14 /opt/st/stm32cubeide_1.16.0/plugins/com.st.stm32cube.ide.mcu.externaltools.gnu-tools-for-stm32.12.3.rel1.linux64_1.0.200.202406132123/tools/bin/../lib/gcc/arm-none-eabi/12.3.1/thumb/v6-m/nofp/libgcc.a(_thumb1_case_uqi.o)
                0x08000108                __gnu_thumb1_case_uqi
 .text          0x0800011c       0x14 /opt/st/stm32cubeide_1.16.0/plugins/com.st.stm32cube.ide.mcu.externaltools.gnu-tools-for-stm32.12.3.rel1.linux64_1.0.200.202406132123/tools/bin/../lib/gcc/arm-none-eabi/12.3.1/thumb/v6-m/nofp/libgcc.a(_thumb1_case_shi.o)
                0x0800011c                __gnu_thumb1_case_shi
 .text          0x08000130      0x114 /opt/st/stm32cubeide_1.16.0/plugins/com.st.stm32cube.ide.mcu.externaltools.gnu-tools-for-stm32.12.3.rel1.linux64_1.0.200.202406132123/tools/bin/../lib/gcc/arm-none-eabi/12.3.1/thumb/v6-m/nofp/libgcc.a(_udivsi3.o)
                0x08000130                __udivsi3
                0x08000130                __aeabi_uidiv
                0x0800023c                __aeabi_uidivmod
 .text          0x08000244      0x1d4 /opt/st/stm32cubeide_1.16.0/plugins/com.st.stm32cube.ide.mcu.externaltools.gnu-tools-for-stm32.12.3.rel1.linux64_1.0.200.202406132123/tools/bin/../lib/gcc/arm-none-eabi/12.3.1/thumb/v6-m/nofp/libgcc.a(_divsi3.o)
                0x08000244                __aeabi_idiv
                0x08000244                __divsi3
                0x08000410                __aeabi_idivmod
 .text          0x08000418        0x4 /opt/st/stm32cubeide_1.16.0/plugins/com.st.stm32cube.ide.mcu.externaltools.gnu-tools-for-stm32.12.3.rel1.linux64_1.0.200.202406132123/tools/bin/../lib/gcc/arm-none-eabi/12.3.1/thumb/v6-m/nofp/libgcc.a(_dvmd_tls.o)
                0x08000418                __aeabi_ldiv0
                0x08000418                __aeabi_idiv0
 .text          0x0800041c       0x40 /opt/st/stm32cubeide_1.16.0/plugins/com.st.stm32cube.ide.mcu.externaltools.gnu-tools-for-stm32.12.3.rel1.linux64_1.0.200.202406132123/tools/bin/../lib/gcc/arm-none-eabi/12.3.1/thumb/v6-m/nofp/libgcc.a(_aeabi_uldivmod.o)
                0x0800041c                __aeabi_uldivmod
 .text          0x0800045c       0x5c /opt/st/stm32cubeide_1.16.0/plugins/com.st.stm32cube.ide.mcu.externaltools.gnu-tools-for-stm32.12.3.rel1.linux64_1.0.200.202406132123/tools/bin/../lib/gcc/arm-none-eabi/12.3.1/thumb/v6-m/nofp/libgcc.a(_muldi3.o)
                0x0800045c                __aeabi_lmul
                0x0800045c                __muldi3
 .text          0x080004b8      0x198 /opt/st/stm32cubeide_1.16.0/plugins/com.st.stm32cube.ide.mcu.externaltools.gnu-tools-for-stm32.12.3.rel1.linux64_1.0.200.202406132123/tools/bin/../lib/gcc/arm-none-eabi/12.3.1/thumb/v6-m/nofp/libgcc.a(_udivmoddi4.o)
                0x080004b8                __udivmoddi4
 .text          0x08000650       0x3c /opt/st/stm32cubeide_1.16.0/plugins/com.st.stm32cube.ide.mcu.externaltools.gnu-tools-for-stm32.12.3.rel1.linux64_1.0.200.202406132123/tools/bin/../lib/gcc/arm-none-eabi/12.3.1/thumb/v6-m/nofp/libgcc.a(_clzsi2.o)
                0x08000650                __clzsi2
 .text          0x0800068c       0x18 /opt/st/stm32cubeide_1.16.0/plugins/com.st.stm32cube.ide.mcu.externaltools.gnu-tools-for-stm32.12.3.rel1.linux64_1.0.200.202406132123/tools/bin/../lib/gcc/arm-none-eabi/12.3.1/thumb/v6-m/nofp/libgcc.a(_clzdi2.o)
                0x0800068c                __clzdi2
 *(.text*)
 .text.sendInternal.constprop.0.isra.0
                0x080006a4       0x60 ./Core/Src/hd44780.o
 .text.cursorShift.part.0
                0x08000704        0xc ./Core/Src/hd44780.o
 .text.lcdClrScr
                0x08000710        0xc ./Core/Src/hd44780.o
                0x08000710                lcdClrScr
 .text.lcdReturn
                0x0800071c        0xc ./Core/Src/hd44780.o
                0x0800071c                lcdReturn
 .text.cursorShift
                0x08000728       0x1c ./Core/Src/hd44780.o
                0x08000728                cursorShift
 .text.lcdGoto  0x08000744       0x2e ./Core/Src/hd44780.o
                0x08000744                lcdGoto
 .text.lcdSetMode
                0x08000772        0xa ./Core/Src/hd44780.o
                0x08000772                lcdSetMode
 .text.lcdPutc  0x0800077c        0xa ./Core/Src/hd44780.o
                0x0800077c                lcdPutc
 .text.lcdPuts  0x08000786       0x4a ./Core/Src/hd44780.o
                0x08000786                lcdPuts
 .text.lcdItos  0x080007d0       0x62 ./Core/Src/hd44780.o
                0x080007d0                lcdItos
 .text.lcdInit  0x08000832       0x1e ./Core/Src/hd44780.o
                0x08000832                lcdInit
 .text.lcdBackLightOn
                0x08000850       0x18 ./Core/Src/hd44780.o
                0x08000850                lcdBackLightOn
 .text.LL_IOP_GRP1_EnableClock
                0x08000868       0x1c ./Core/Src/main.o
 .text.ShowWarning
                0x08000884       0x24 ./Core/Src/main.o
                0x08000884                ShowWarning
 .text.ConvertCharToGradus
                0x080008a8       0x34 ./Core/Src/main.o
                0x080008a8                ConvertCharToGradus
 .text.ConvertGradusToChar
                0x080008dc       0x48 ./Core/Src/main.o
                0x080008dc                ConvertGradusToChar
 .text.USART2_Send
                0x08000924       0x14 ./Core/Src/main.o
                0x08000924                USART2_Send
 .text.USART2_Send_String
                0x08000938       0x18 ./Core/Src/main.o
                0x08000938                USART2_Send_String
 .text.ShowStartAzimuth
                0x08000950       0x5c ./Core/Src/main.o
                0x08000950                ShowStartAzimuth
 .text.CheckADC
                0x080009ac       0x7c ./Core/Src/main.o
                0x080009ac                CheckADC
 .text.ReadCWButton
                0x08000a28       0xa0 ./Core/Src/main.o
                0x08000a28                ReadCWButton
 .text.ReadCCWButton
                0x08000ac8       0xa0 ./Core/Src/main.o
                0x08000ac8                ReadCCWButton
 .text.UpdateLCDDisplay
                0x08000b68       0x30 ./Core/Src/main.o
                0x08000b68                UpdateLCDDisplay
 .text.WriteToEEPROM
                0x08000b98       0x30 ./Core/Src/main.o
                0x08000b98                WriteToEEPROM
 .text.SetDefault
                0x08000bc8       0x68 ./Core/Src/main.o
                0x08000bc8                SetDefault
 .text.SaveSettings
                0x08000c30       0x28 ./Core/Src/main.o
                0x08000c30                SaveSettings
 .text.RotateFromUSART
                0x08000c58      0x1b0 ./Core/Src/main.o
                0x08000c58                RotateFromUSART
 .text.CheckUSART
                0x08000e08       0x50 ./Core/Src/main.o
                0x08000e08                CheckUSART
 .text.ReadStartButton
                0x08000e58       0xf4 ./Core/Src/main.o
                0x08000e58                ReadStartButton
 .text.SystemClock_Config
                0x08000f4c       0xa4 ./Core/Src/main.o
                0x08000f4c                SystemClock_Config
 .text.startup.main
                0x08000ff0      0x540 ./Core/Src/main.o
                0x08000ff0                main
 .text.HAL_MspInit
                0x08001530       0x1c ./Core/Src/stm32l0xx_hal_msp.o
                0x08001530                HAL_MspInit
 .text.HAL_I2C_MspInit
                0x0800154c       0x5c ./Core/Src/stm32l0xx_hal_msp.o
                0x0800154c                HAL_I2C_MspInit
 .text.NMI_Handler
                0x080015a8        0x2 ./Core/Src/stm32l0xx_it.o
                0x080015a8                NMI_Handler
 .text.HardFault_Handler
                0x080015aa        0x2 ./Core/Src/stm32l0xx_it.o
                0x080015aa                HardFault_Handler
 .text.SVC_Handler
                0x080015ac        0x2 ./Core/Src/stm32l0xx_it.o
                0x080015ac                SVC_Handler
 .text.PendSV_Handler
                0x080015ae        0x2 ./Core/Src/stm32l0xx_it.o
                0x080015ae                PendSV_Handler
 .text.SysTick_Handler
                0x080015b0        0x8 ./Core/Src/stm32l0xx_it.o
                0x080015b0                SysTick_Handler
 .text.ADC1_IRQHandler
                0x080015b8        0x2 ./Core/Src/stm32l0xx_it.o
                0x080015b8                ADC1_IRQHandler
 *fill*         0x080015ba        0x2 
 .text.TIM2_IRQHandler
                0x080015bc       0x7c ./Core/Src/stm32l0xx_it.o
                0x080015bc                TIM2_IRQHandler
 .text.TIM21_IRQHandler
                0x08001638       0x2c ./Core/Src/stm32l0xx_it.o
                0x08001638                TIM21_IRQHandler
 .text.USART2_IRQHandler
                0x08001664       0x94 ./Core/Src/stm32l0xx_it.o
                0x08001664                USART2_IRQHandler
 .text._sbrk    0x080016f8       0x40 ./Core/Src/sysmem.o
                0x080016f8                _sbrk
 .text.SystemInit
                0x08001738        0x2 ./Core/Src/system_stm32l0xx.o
                0x08001738                SystemInit
 *fill*         0x0800173a        0x2 
 .text.Reset_Handler
                0x0800173c       0x80 ./Core/Startup/startup_stm32l010f4px.o
                0x0800173c                Reset_Handler
 .text.Default_Handler
                0x080017bc        0x2 ./Core/Startup/startup_stm32l010f4px.o
                0x080017bc                I2C1_IRQHandler
                0x080017bc                SPI1_IRQHandler
                0x080017bc                EXTI2_3_IRQHandler
                0x080017bc                RTC_IRQHandler
                0x080017bc                EXTI4_15_IRQHandler
                0x080017bc                RCC_IRQHandler
                0x080017bc                DMA1_Channel1_IRQHandler
                0x080017bc                Default_Handler
                0x080017bc                DMA1_Channel4_5_IRQHandler
                0x080017bc                EXTI0_1_IRQHandler
                0x080017bc                WWDG_IRQHandler
                0x080017bc                LPUART1_IRQHandler
                0x080017bc                DMA1_Channel2_3_IRQHandler
                0x080017bc                FLASH_IRQHandler
                0x080017bc                LPTIM1_IRQHandler
 *fill*         0x080017be        0x2 
 .text.HAL_InitTick
                0x080017c0       0x48 ./Drivers/STM32L0xx_HAL_Driver/Src/stm32l0xx_hal.o
                0x080017c0                HAL_InitTick
 .text.HAL_Init
                0x08001808       0x28 ./Drivers/STM32L0xx_HAL_Driver/Src/stm32l0xx_hal.o
                0x08001808                HAL_Init
 .text.HAL_IncTick
                0x08001830       0x18 ./Drivers/STM32L0xx_HAL_Driver/Src/stm32l0xx_hal.o
                0x08001830                HAL_IncTick
 .text.HAL_GetTick
                0x08001848        0xc ./Drivers/STM32L0xx_HAL_Driver/Src/stm32l0xx_hal.o
                0x08001848                HAL_GetTick
 .text.HAL_Delay
                0x08001854       0x24 ./Drivers/STM32L0xx_HAL_Driver/Src/stm32l0xx_hal.o
                0x08001854                HAL_Delay
 .text.HAL_NVIC_SetPriority
                0x08001878       0x54 ./Drivers/STM32L0xx_HAL_Driver/Src/stm32l0xx_hal_cortex.o
                0x08001878                HAL_NVIC_SetPriority
 .text.HAL_SYSTICK_Config
                0x080018cc       0x34 ./Drivers/STM32L0xx_HAL_Driver/Src/stm32l0xx_hal_cortex.o
                0x080018cc                HAL_SYSTICK_Config
 .text.FLASH_SetErrorCode
                0x08001900       0xac ./Drivers/STM32L0xx_HAL_Driver/Src/stm32l0xx_hal_flash.o
 .text.FLASH_WaitForLastOperation
                0x080019ac       0x74 ./Drivers/STM32L0xx_HAL_Driver/Src/stm32l0xx_hal_flash.o
                0x080019ac                FLASH_WaitForLastOperation
 .text.HAL_FLASHEx_DATAEEPROM_Unlock
                0x08001a20       0x30 ./Drivers/STM32L0xx_HAL_Driver/Src/stm32l0xx_hal_flash_ex.o
                0x08001a20                HAL_FLASHEx_DATAEEPROM_Unlock
 .text.HAL_FLASHEx_DATAEEPROM_Lock
                0x08001a50       0x14 ./Drivers/STM32L0xx_HAL_Driver/Src/stm32l0xx_hal_flash_ex.o
                0x08001a50                HAL_FLASHEx_DATAEEPROM_Lock
 .text.HAL_FLASHEx_DATAEEPROM_Erase
                0x08001a64       0x24 ./Drivers/STM32L0xx_HAL_Driver/Src/stm32l0xx_hal_flash_ex.o
                0x08001a64                HAL_FLASHEx_DATAEEPROM_Erase
 .text.HAL_FLASHEx_DATAEEPROM_Program
                0x08001a88       0x54 ./Drivers/STM32L0xx_HAL_Driver/Src/stm32l0xx_hal_flash_ex.o
                0x08001a88                HAL_FLASHEx_DATAEEPROM_Program
 .text.HAL_GPIO_Init
                0x08001adc      0x164 ./Drivers/STM32L0xx_HAL_Driver/Src/stm32l0xx_hal_gpio.o
                0x08001adc                HAL_GPIO_Init
 .text.HAL_GPIO_ReadPin
                0x08001c40        0xc ./Drivers/STM32L0xx_HAL_Driver/Src/stm32l0xx_hal_gpio.o
                0x08001c40                HAL_GPIO_ReadPin
 .text.I2C_Flush_TXDR
                0x08001c4c       0x1e ./Drivers/STM32L0xx_HAL_Driver/Src/stm32l0xx_hal_i2c.o
 *fill*         0x08001c6a        0x2 
 .text.I2C_TransferConfig
                0x08001c6c       0x28 ./Drivers/STM32L0xx_HAL_Driver/Src/stm32l0xx_hal_i2c.o
 .text.I2C_IsAcknowledgeFailed
                0x08001c94       0x88 ./Drivers/STM32L0xx_HAL_Driver/Src/stm32l0xx_hal_i2c.o
 .text.I2C_WaitOnTXISFlagUntilTimeout
                0x08001d1c       0x54 ./Drivers/STM32L0xx_HAL_Driver/Src/stm32l0xx_hal_i2c.o
 .text.I2C_WaitOnSTOPFlagUntilTimeout
                0x08001d70       0x50 ./Drivers/STM32L0xx_HAL_Driver/Src/stm32l0xx_hal_i2c.o
 .text.I2C_WaitOnFlagUntilTimeout
                0x08001dc0       0x50 ./Drivers/STM32L0xx_HAL_Driver/Src/stm32l0xx_hal_i2c.o
 .text.HAL_I2C_Init
                0x08001e10       0xbc ./Drivers/STM32L0xx_HAL_Driver/Src/stm32l0xx_hal_i2c.o
                0x08001e10                HAL_I2C_Init
 .text.HAL_I2C_Master_Transmit
                0x08001ecc      0x11c ./Drivers/STM32L0xx_HAL_Driver/Src/stm32l0xx_hal_i2c.o
                0x08001ecc                HAL_I2C_Master_Transmit
 .text.HAL_I2C_IsDeviceReady
                0x08001fe8      0x130 ./Drivers/STM32L0xx_HAL_Driver/Src/stm32l0xx_hal_i2c.o
                0x08001fe8                HAL_I2C_IsDeviceReady
 .text.HAL_I2CEx_ConfigAnalogFilter
                0x08002118       0x5c ./Drivers/STM32L0xx_HAL_Driver/Src/stm32l0xx_hal_i2c_ex.o
                0x08002118                HAL_I2CEx_ConfigAnalogFilter
 .text.HAL_I2CEx_ConfigDigitalFilter
                0x08002174       0x54 ./Drivers/STM32L0xx_HAL_Driver/Src/stm32l0xx_hal_i2c_ex.o
                0x08002174                HAL_I2CEx_ConfigDigitalFilter
 .text.HAL_RCC_GetSysClockFreq
                0x080021c8       0x94 ./Drivers/STM32L0xx_HAL_Driver/Src/stm32l0xx_hal_rcc.o
                0x080021c8                HAL_RCC_GetSysClockFreq
 .text.HAL_RCC_OscConfig
                0x0800225c      0x498 ./Drivers/STM32L0xx_HAL_Driver/Src/stm32l0xx_hal_rcc.o
                0x0800225c                HAL_RCC_OscConfig
 .text.HAL_RCC_ClockConfig
                0x080026f4      0x1a0 ./Drivers/STM32L0xx_HAL_Driver/Src/stm32l0xx_hal_rcc.o
                0x080026f4                HAL_RCC_ClockConfig
 .text.HAL_RCCEx_PeriphCLKConfig
                0x08002894      0x184 ./Drivers/STM32L0xx_HAL_Driver/Src/stm32l0xx_hal_rcc_ex.o
                0x08002894                HAL_RCCEx_PeriphCLKConfig
 .text.LL_ADC_Init
                0x08002a18       0x38 ./Drivers/STM32L0xx_HAL_Driver/Src/stm32l0xx_ll_adc.o
                0x08002a18                LL_ADC_Init
 .text.LL_ADC_REG_Init
                0x08002a50       0x34 ./Drivers/STM32L0xx_HAL_Driver/Src/stm32l0xx_ll_adc.o
                0x08002a50                LL_ADC_REG_Init
 .text.LL_GPIO_Init
                0x08002a84       0x9e ./Drivers/STM32L0xx_HAL_Driver/Src/stm32l0xx_ll_gpio.o
                0x08002a84                LL_GPIO_Init
 *fill*         0x08002b22        0x2 
 .text.LL_RCC_HSI_IsReady
                0x08002b24       0x10 ./Drivers/STM32L0xx_HAL_Driver/Src/stm32l0xx_ll_rcc.o
 .text.LL_RCC_IsActiveFlag_HSIDIV
                0x08002b34       0x10 ./Drivers/STM32L0xx_HAL_Driver/Src/stm32l0xx_ll_rcc.o
 .text.RCC_GetHCLKClockFreq
                0x08002b44       0x18 ./Drivers/STM32L0xx_HAL_Driver/Src/stm32l0xx_ll_rcc.o
 .text.RCC_GetPCLK1ClockFreq
                0x08002b5c       0x18 ./Drivers/STM32L0xx_HAL_Driver/Src/stm32l0xx_ll_rcc.o
 .text.RCC_GetSystemClockFreq
                0x08002b74       0x90 ./Drivers/STM32L0xx_HAL_Driver/Src/stm32l0xx_ll_rcc.o
 .text.LL_RCC_GetUSARTClockFreq
                0x08002c04       0x7c ./Drivers/STM32L0xx_HAL_Driver/Src/stm32l0xx_ll_rcc.o
                0x08002c04                LL_RCC_GetUSARTClockFreq
 .text.LL_TIM_Init
                0x08002c80       0x4c ./Drivers/STM32L0xx_HAL_Driver/Src/stm32l0xx_ll_tim.o
                0x08002c80                LL_TIM_Init
 .text.LL_USART_Init
                0x08002ccc       0x98 ./Drivers/STM32L0xx_HAL_Driver/Src/stm32l0xx_ll_usart.o
                0x08002ccc                LL_USART_Init
 .text.LL_mDelay
                0x08002d64       0x2c ./Drivers/STM32L0xx_HAL_Driver/Src/stm32l0xx_ll_utils.o
                0x08002d64                LL_mDelay
 .text.sprintf  0x08002d90       0x40 /opt/st/stm32cubeide_1.16.0/plugins/com.st.stm32cube.ide.mcu.externaltools.gnu-tools-for-stm32.12.3.rel1.linux64_1.0.200.202406132123/tools/bin/../lib/gcc/arm-none-eabi/12.3.1/../../../../arm-none-eabi/lib/thumb/v6-m/nofp/libc_nano.a(libc_a-sprintf.o)
                0x08002d90                sprintf
                0x08002d90                siprintf
 .text.memset   0x08002dd0       0x10 /opt/st/stm32cubeide_1.16.0/plugins/com.st.stm32cube.ide.mcu.externaltools.gnu-tools-for-stm32.12.3.rel1.linux64_1.0.200.202406132123/tools/bin/../lib/gcc/arm-none-eabi/12.3.1/../../../../arm-none-eabi/lib/thumb/v6-m/nofp/libc_nano.a(libc_a-memset.o)
                0x08002dd0                memset
 .text.__errno  0x08002de0        0xc /opt/st/stm32cubeide_1.16.0/plugins/com.st.stm32cube.ide.mcu.externaltools.gnu-tools-for-stm32.12.3.rel1.linux64_1.0.200.202406132123/tools/bin/../lib/gcc/arm-none-eabi/12.3.1/../../../../arm-none-eabi/lib/thumb/v6-m/nofp/libc_nano.a(libc_a-errno.o)
                0x08002de0                __errno
 .text.__libc_init_array
                0x08002dec       0x48 /opt/st/stm32cubeide_1.16.0/plugins/com.st.stm32cube.ide.mcu.externaltools.gnu-tools-for-stm32.12.3.rel1.linux64_1.0.200.202406132123/tools/bin/../lib/gcc/arm-none-eabi/12.3.1/../../../../arm-none-eabi/lib/thumb/v6-m/nofp/libc_nano.a(libc_a-init.o)
                0x08002dec                __libc_init_array
 .text.__retarget_lock_acquire_recursive
                0x08002e34        0x2 /opt/st/stm32cubeide_1.16.0/plugins/com.st.stm32cube.ide.mcu.externaltools.gnu-tools-for-stm32.12.3.rel1.linux64_1.0.200.202406132123/tools/bin/../lib/gcc/arm-none-eabi/12.3.1/../../../../arm-none-eabi/lib/thumb/v6-m/nofp/libc_nano.a(libc_a-lock.o)
                0x08002e34                __retarget_lock_acquire_recursive
 .text.__retarget_lock_release_recursive
                0x08002e36        0x2 /opt/st/stm32cubeide_1.16.0/plugins/com.st.stm32cube.ide.mcu.externaltools.gnu-tools-for-stm32.12.3.rel1.linux64_1.0.200.202406132123/tools/bin/../lib/gcc/arm-none-eabi/12.3.1/../../../../arm-none-eabi/lib/thumb/v6-m/nofp/libc_nano.a(libc_a-lock.o)
                0x08002e36                __retarget_lock_release_recursive
 .text._free_r  0x08002e38       0x94 /opt/st/stm32cubeide_1.16.0/plugins/com.st.stm32cube.ide.mcu.externaltools.gnu-tools-for-stm32.12.3.rel1.linux64_1.0.200.202406132123/tools/bin/../lib/gcc/arm-none-eabi/12.3.1/../../../../arm-none-eabi/lib/thumb/v6-m/nofp/libc_nano.a(libc_a-freer.o)
                0x08002e38                _free_r
 .text.sbrk_aligned
                0x08002ecc       0x44 /opt/st/stm32cubeide_1.16.0/plugins/com.st.stm32cube.ide.mcu.externaltools.gnu-tools-for-stm32.12.3.rel1.linux64_1.0.200.202406132123/tools/bin/../lib/gcc/arm-none-eabi/12.3.1/../../../../arm-none-eabi/lib/thumb/v6-m/nofp/libc_nano.a(libc_a-mallocr.o)
 .text._malloc_r
                0x08002f10      0x100 /opt/st/stm32cubeide_1.16.0/plugins/com.st.stm32cube.ide.mcu.externaltools.gnu-tools-for-stm32.12.3.rel1.linux64_1.0.200.202406132123/tools/bin/../lib/gcc/arm-none-eabi/12.3.1/../../../../arm-none-eabi/lib/thumb/v6-m/nofp/libc_nano.a(libc_a-mallocr.o)
                0x08002f10                _malloc_r
 .text.__malloc_lock
                0x08003010       0x10 /opt/st/stm32cubeide_1.16.0/plugins/com.st.stm32cube.ide.mcu.externaltools.gnu-tools-for-stm32.12.3.rel1.linux64_1.0.200.202406132123/tools/bin/../lib/gcc/arm-none-eabi/12.3.1/../../../../arm-none-eabi/lib/thumb/v6-m/nofp/libc_nano.a(libc_a-mlock.o)
                0x08003010                __malloc_lock
 .text.__malloc_unlock
                0x08003020       0x10 /opt/st/stm32cubeide_1.16.0/plugins/com.st.stm32cube.ide.mcu.externaltools.gnu-tools-for-stm32.12.3.rel1.linux64_1.0.200.202406132123/tools/bin/../lib/gcc/arm-none-eabi/12.3.1/../../../../arm-none-eabi/lib/thumb/v6-m/nofp/libc_nano.a(libc_a-mlock.o)
                0x08003020                __malloc_unlock
 .text.__ssputs_r
                0x08003030       0xc0 /opt/st/stm32cubeide_1.16.0/plugins/com.st.stm32cube.ide.mcu.externaltools.gnu-tools-for-stm32.12.3.rel1.linux64_1.0.200.202406132123/tools/bin/../lib/gcc/arm-none-eabi/12.3.1/../../../../arm-none-eabi/lib/thumb/v6-m/nofp/libc_nano.a(libc_a-nano-svfprintf.o)
                0x08003030                __ssputs_r
 .text._svfprintf_r
                0x080030f0      0x1fc /opt/st/stm32cubeide_1.16.0/plugins/com.st.stm32cube.ide.mcu.externaltools.gnu-tools-for-stm32.12.3.rel1.linux64_1.0.200.202406132123/tools/bin/../lib/gcc/arm-none-eabi/12.3.1/../../../../arm-none-eabi/lib/thumb/v6-m/nofp/libc_nano.a(libc_a-nano-svfprintf.o)
                0x080030f0                _svfprintf_r
                0x080030f0                _svfiprintf_r
 .text._printf_common
                0x080032ec       0xde /opt/st/stm32cubeide_1.16.0/plugins/com.st.stm32cube.ide.mcu.externaltools.gnu-tools-for-stm32.12.3.rel1.linux64_1.0.200.202406132123/tools/bin/../lib/gcc/arm-none-eabi/12.3.1/../../../../arm-none-eabi/lib/thumb/v6-m/nofp/libc_nano.a(libc_a-nano-vfprintf_i.o)
                0x080032ec                _printf_common
 *fill*         0x080033ca        0x2 
 .text._printf_i
                0x080033cc      0x21c /opt/st/stm32cubeide_1.16.0/plugins/com.st.stm32cube.ide.mcu.externaltools.gnu-tools-for-stm32.12.3.rel1.linux64_1.0.200.202406132123/tools/bin/../lib/gcc/arm-none-eabi/12.3.1/../../../../arm-none-eabi/lib/thumb/v6-m/nofp/libc_nano.a(libc_a-nano-vfprintf_i.o)
                0x080033cc                _printf_i
 .text.memmove  0x080035e8       0x26 /opt/st/stm32cubeide_1.16.0/plugins/com.st.stm32cube.ide.mcu.externaltools.gnu-tools-for-stm32.12.3.rel1.linux64_1.0.200.202406132123/tools/bin/../lib/gcc/arm-none-eabi/12.3.1/../../../../arm-none-eabi/lib/thumb/v6-m/nofp/libc_nano.a(libc_a-memmove.o)
                0x080035e8                memmove
 *fill*         0x0800360e        0x2 
 .text._sbrk_r  0x08003610       0x24 /opt/st/stm32cubeide_1.16.0/plugins/com.st.stm32cube.ide.mcu.externaltools.gnu-tools-for-stm32.12.3.rel1.linux64_1.0.200.202406132123/tools/bin/../lib/gcc/arm-none-eabi/12.3.1/../../../../arm-none-eabi/lib/thumb/v6-m/nofp/libc_nano.a(libc_a-sbrkr.o)
                0x08003610                _sbrk_r
 .text.memchr   0x08003634       0x16 /opt/st/stm32cubeide_1.16.0/plugins/com.st.stm32cube.ide.mcu.externaltools.gnu-tools-for-stm32.12.3.rel1.linux64_1.0.200.202406132123/tools/bin/../lib/gcc/arm-none-eabi/12.3.1/../../../../arm-none-eabi/lib/thumb/v6-m/nofp/libc_nano.a(libc_a-memchr-stub.o)
                0x08003634                memchr
 .text.memcpy   0x0800364a       0x12 /opt/st/stm32cubeide_1.16.0/plugins/com.st.stm32cube.ide.mcu.externaltools.gnu-tools-for-stm32.12.3.rel1.linux64_1.0.200.202406132123/tools/bin/../lib/gcc/arm-none-eabi/12.3.1/../../../../arm-none-eabi/lib/thumb/v6-m/nofp/libc_nano.a(libc_a-memcpy-stub.o)
                0x0800364a                memcpy
 .text._realloc_r
                0x0800365c       0x5e /opt/st/stm32cubeide_1.16.0/plugins/com.st.stm32cube.ide.mcu.externaltools.gnu-tools-for-stm32.12.3.rel1.linux64_1.0.200.202406132123/tools/bin/../lib/gcc/arm-none-eabi/12.3.1/../../../../arm-none-eabi/lib/thumb/v6-m/nofp/libc_nano.a(libc_a-reallocr.o)
                0x0800365c                _realloc_r
 .text._malloc_usable_size_r
                0x080036ba       0x10 /opt/st/stm32cubeide_1.16.0/plugins/com.st.stm32cube.ide.mcu.externaltools.gnu-tools-for-stm32.12.3.rel1.linux64_1.0.200.202406132123/tools/bin/../lib/gcc/arm-none-eabi/12.3.1/../../../../arm-none-eabi/lib/thumb/v6-m/nofp/libc_nano.a(libc_a-msizer.o)
                0x080036ba                _malloc_usable_size_r
 *(.glue_7)
 .glue_7        0x080036ca        0x0 linker stubs
 *(.glue_7t)
 .glue_7t       0x080036ca        0x0 linker stubs
 *(.eh_frame)
 *fill*         0x080036ca        0x2 
 .eh_frame      0x080036cc        0x0 /opt/st/stm32cubeide_1.16.0/plugins/com.st.stm32cube.ide.mcu.externaltools.gnu-tools-for-stm32.12.3.rel1.linux64_1.0.200.202406132123/tools/bin/../lib/gcc/arm-none-eabi/12.3.1/thumb/v6-m/nofp/crtbegin.o
 *(.init)
 .init          0x080036cc        0x4 /opt/st/stm32cubeide_1.16.0/plugins/com.st.stm32cube.ide.mcu.externaltools.gnu-tools-for-stm32.12.3.rel1.linux64_1.0.200.202406132123/tools/bin/../lib/gcc/arm-none-eabi/12.3.1/thumb/v6-m/nofp/crti.o
                0x080036cc                _init
 .init          0x080036d0        0x8 /opt/st/stm32cubeide_1.16.0/plugins/com.st.stm32cube.ide.mcu.externaltools.gnu-tools-for-stm32.12.3.rel1.linux64_1.0.200.202406132123/tools/bin/../lib/gcc/arm-none-eabi/12.3.1/thumb/v6-m/nofp/crtn.o
 *(.fini)
 .fini          0x080036d8        0x4 /opt/st/stm32cubeide_1.16.0/plugins/com.st.stm32cube.ide.mcu.externaltools.gnu-tools-for-stm32.12.3.rel1.linux64_1.0.200.202406132123/tools/bin/../lib/gcc/arm-none-eabi/12.3.1/thumb/v6-m/nofp/crti.o
                0x080036d8                _fini
 .fini          0x080036dc        0x8 /opt/st/stm32cubeide_1.16.0/plugins/com.st.stm32cube.ide.mcu.externaltools.gnu-tools-for-stm32.12.3.rel1.linux64_1.0.200.202406132123/tools/bin/../lib/gcc/arm-none-eabi/12.3.1/thumb/v6-m/nofp/crtn.o
                0x080036e4                        . = ALIGN (0x4)
                0x080036e4                        _etext = .

.vfp11_veneer   0x080036e4        0x0
 .vfp11_veneer  0x080036e4        0x0 linker stubs

.v4_bx          0x080036e4        0x0
 .v4_bx         0x080036e4        0x0 linker stubs

.iplt           0x080036e4        0x0
 .iplt          0x080036e4        0x0 /opt/st/stm32cubeide_1.16.0/plugins/com.st.stm32cube.ide.mcu.externaltools.gnu-tools-for-stm32.12.3.rel1.linux64_1.0.200.202406132123/tools/bin/../lib/gcc/arm-none-eabi/12.3.1/thumb/v6-m/nofp/crtbegin.o

.rodata         0x080036e4       0x98
                0x080036e4                        . = ALIGN (0x4)
 *(.rodata)
 *(.rodata*)
 .rodata.ShowWarning.str1.1
                0x080036e4       0x10 ./Core/Src/main.o
 .rodata.ConvertGradusToChar.str1.1
                0x080036f4        0xb ./Core/Src/main.o
 .rodata.ShowStartAzimuth.str1.1
                0x080036ff       0x18 ./Core/Src/main.o
 .rodata.ReadCWButton.str1.1
                0x08003717        0x4 ./Core/Src/main.o
 .rodata.SetDefault.str1.1
                0x0800371b        0xb ./Core/Src/main.o
 .rodata.PLLMulTable
                0x08003726        0x9 ./Core/Src/system_stm32l0xx.o
                0x08003726                PLLMulTable
 .rodata.APBPrescTable
                0x0800372f        0x8 ./Core/Src/system_stm32l0xx.o
                0x0800372f                APBPrescTable
 .rodata.AHBPrescTable
                0x08003737       0x10 ./Core/Src/system_stm32l0xx.o
                0x08003737                AHBPrescTable
 .rodata._svfprintf_r.str1.1
                0x08003747       0x11 /opt/st/stm32cubeide_1.16.0/plugins/com.st.stm32cube.ide.mcu.externaltools.gnu-tools-for-stm32.12.3.rel1.linux64_1.0.200.202406132123/tools/bin/../lib/gcc/arm-none-eabi/12.3.1/../../../../arm-none-eabi/lib/thumb/v6-m/nofp/libc_nano.a(libc_a-nano-svfprintf.o)
 .rodata._printf_i.str1.1
                0x08003758       0x22 /opt/st/stm32cubeide_1.16.0/plugins/com.st.stm32cube.ide.mcu.externaltools.gnu-tools-for-stm32.12.3.rel1.linux64_1.0.200.202406132123/tools/bin/../lib/gcc/arm-none-eabi/12.3.1/../../../../arm-none-eabi/lib/thumb/v6-m/nofp/libc_nano.a(libc_a-nano-vfprintf_i.o)
                0x0800377c                        . = ALIGN (0x4)
 *fill*         0x0800377a        0x2 

.ARM.extab      0x0800377c        0x0
                0x0800377c                        . = ALIGN (0x4)
 *(.ARM.extab* .gnu.linkonce.armextab.*)
                0x0800377c                        . = ALIGN (0x4)

.ARM            0x0800377c        0x8
                0x0800377c                        . = ALIGN (0x4)
                0x0800377c                        __exidx_start = .
 *(.ARM.exidx*)
 .ARM.exidx     0x0800377c        0x8 /opt/st/stm32cubeide_1.16.0/plugins/com.st.stm32cube.ide.mcu.externaltools.gnu-tools-for-stm32.12.3.rel1.linux64_1.0.200.202406132123/tools/bin/../lib/gcc/arm-none-eabi/12.3.1/thumb/v6-m/nofp/libgcc.a(_udivmoddi4.o)
                0x08003784                        __exidx_end = .
                0x08003784                        . = ALIGN (0x4)

.rel.dyn        0x08003784        0x0
 .rel.iplt      0x08003784        0x0 /opt/st/stm32cubeide_1.16.0/plugins/com.st.stm32cube.ide.mcu.externaltools.gnu-tools-for-stm32.12.3.rel1.linux64_1.0.200.202406132123/tools/bin/../lib/gcc/arm-none-eabi/12.3.1/thumb/v6-m/nofp/crtbegin.o

.preinit_array  0x08003784        0x0
                0x08003784                        . = ALIGN (0x4)
                0x08003784                        PROVIDE (__preinit_array_start = .)
 *(.preinit_array*)
                0x08003784                        PROVIDE (__preinit_array_end = .)
                0x08003784                        . = ALIGN (0x4)

.init_array     0x08003784        0x4
                0x08003784                        . = ALIGN (0x4)
                0x08003784                        PROVIDE (__init_array_start = .)
 *(SORT_BY_NAME(.init_array.*))
 *(.init_array*)
 .init_array    0x08003784        0x4 /opt/st/stm32cubeide_1.16.0/plugins/com.st.stm32cube.ide.mcu.externaltools.gnu-tools-for-stm32.12.3.rel1.linux64_1.0.200.202406132123/tools/bin/../lib/gcc/arm-none-eabi/12.3.1/thumb/v6-m/nofp/crtbegin.o
                0x08003788                        PROVIDE (__init_array_end = .)
                0x08003788                        . = ALIGN (0x4)

.fini_array     0x08003788        0x4
                0x08003788                        . = ALIGN (0x4)
                [!provide]                        PROVIDE (__fini_array_start = .)
 *(SORT_BY_NAME(.fini_array.*))
 *(.fini_array*)
 .fini_array    0x08003788        0x4 /opt/st/stm32cubeide_1.16.0/plugins/com.st.stm32cube.ide.mcu.externaltools.gnu-tools-for-stm32.12.3.rel1.linux64_1.0.200.202406132123/tools/bin/../lib/gcc/arm-none-eabi/12.3.1/thumb/v6-m/nofp/crtbegin.o
                [!provide]                        PROVIDE (__fini_array_end = .)
                0x0800378c                        . = ALIGN (0x4)
                0x0800378c                        _sidata = LOADADDR (.data)

.data           0x20000000       0x60 load address 0x0800378c
                0x20000000                        . = ALIGN (0x4)
                0x20000000                        _sdata = .
 *(.data)
 *(.data*)
 .data.flag_key3_press
                0x20000000        0x1 ./Core/Src/main.o
                0x20000000                flag_key3_press
 .data.flag_key2_press
                0x20000001        0x1 ./Core/Src/main.o
                0x20000001                flag_key2_press
 .data.flag_key1_press
                0x20000002        0x1 ./Core/Src/main.o
                0x20000002                flag_key1_press
 *fill*         0x20000003        0x1 
 .data.SystemCoreClock
                0x20000004        0x4 ./Core/Src/system_stm32l0xx.o
                0x20000004                SystemCoreClock
 .data.uwTickFreq
                0x20000008        0x1 ./Drivers/STM32L0xx_HAL_Driver/Src/stm32l0xx_hal.o
                0x20000008                uwTickFreq
 *fill*         0x20000009        0x3 
 .data.uwTickPrio
                0x2000000c        0x4 ./Drivers/STM32L0xx_HAL_Driver/Src/stm32l0xx_hal.o
                0x2000000c                uwTickPrio
 .data._impure_ptr
                0x20000010        0x4 /opt/st/stm32cubeide_1.16.0/plugins/com.st.stm32cube.ide.mcu.externaltools.gnu-tools-for-stm32.12.3.rel1.linux64_1.0.200.202406132123/tools/bin/../lib/gcc/arm-none-eabi/12.3.1/../../../../arm-none-eabi/lib/thumb/v6-m/nofp/libc_nano.a(libc_a-impure.o)
                0x20000010                _impure_ptr
 .data._impure_data
                0x20000014       0x4c /opt/st/stm32cubeide_1.16.0/plugins/com.st.stm32cube.ide.mcu.externaltools.gnu-tools-for-stm32.12.3.rel1.linux64_1.0.200.202406132123/tools/bin/../lib/gcc/arm-none-eabi/12.3.1/../../../../arm-none-eabi/lib/thumb/v6-m/nofp/libc_nano.a(libc_a-impure.o)
                0x20000014                _impure_data
 *(.RamFunc)
 *(.RamFunc*)
                0x20000060                        . = ALIGN (0x4)
                0x20000060                        _edata = .

.igot.plt       0x20000060        0x0 load address 0x080037ec
 .igot.plt      0x20000060        0x0 /opt/st/stm32cubeide_1.16.0/plugins/com.st.stm32cube.ide.mcu.externaltools.gnu-tools-for-stm32.12.3.rel1.linux64_1.0.200.202406132123/tools/bin/../lib/gcc/arm-none-eabi/12.3.1/thumb/v6-m/nofp/crtbegin.o
                0x20000060                        . = ALIGN (0x4)

.bss            0x20000060      0x220 load address 0x080037ec
                0x20000060                        _sbss = .
                0x20000060                        __bss_start__ = _sbss
 *(.bss)
 .bss           0x20000060       0x1c /opt/st/stm32cubeide_1.16.0/plugins/com.st.stm32cube.ide.mcu.externaltools.gnu-tools-for-stm32.12.3.rel1.linux64_1.0.200.202406132123/tools/bin/../lib/gcc/arm-none-eabi/12.3.1/thumb/v6-m/nofp/crtbegin.o
 *(.bss*)
 .bss.current_status_backlight
                0x2000007c        0x1 ./Core/Src/hd44780.o
 *fill*         0x2000007d        0x3 
 .bss.hi2c1     0x20000080       0x4c ./Core/Src/main.o
                0x20000080                hi2c1
 .bss.flag_move
                0x200000cc        0x1 ./Core/Src/main.o
                0x200000cc                flag_move
 .bss.flag_status
                0x200000cd        0x1 ./Core/Src/main.o
                0x200000cd                flag_status
 .bss.flag_stop
                0x200000ce        0x1 ./Core/Src/main.o
                0x200000ce                flag_stop
 .bss.str_tx    0x200000cf        0xa ./Core/Src/main.o
                0x200000cf                str_tx
 .bss.str_rx    0x200000d9        0xa ./Core/Src/main.o
                0x200000d9                str_rx
 *fill*         0x200000e3        0x1 
 .bss.time_on_ccw
                0x200000e4        0x4 ./Core/Src/main.o
                0x200000e4                time_on_ccw
 .bss.time_on_cw
                0x200000e8        0x4 ./Core/Src/main.o
                0x200000e8                time_on_cw
 .bss.dir_azimuth
                0x200000ec        0x4 ./Core/Src/main.o
                0x200000ec                dir_azimuth
 .bss.man_azimuth
                0x200000f0        0x4 ./Core/Src/main.o
                0x200000f0                man_azimuth
 .bss.isPushCW  0x200000f4        0x1 ./Core/Src/main.o
                0x200000f4                isPushCW
 *fill*         0x200000f5        0x3 
 .bss.dir_gradus
                0x200000f8        0x4 ./Core/Src/main.o
                0x200000f8                dir_gradus
 .bss.gradus    0x200000fc        0x4 ./Core/Src/main.o
                0x200000fc                gradus
 .bss.imp_count
                0x20000100        0x4 ./Core/Src/main.o
                0x20000100                imp_count
 .bss.flag_eeprom
                0x20000104        0x1 ./Core/Src/main.o
                0x20000104                flag_eeprom
 .bss.flag_adc  0x20000105        0x1 ./Core/Src/main.o
                0x20000105                flag_adc
 .bss.adc_value
                0x20000106        0x2 ./Core/Src/main.o
                0x20000106                adc_value
 .bss.time_key3_press
                0x20000108        0x4 ./Core/Src/main.o
                0x20000108                time_key3_press
 .bss.time_key2_press
                0x2000010c        0x4 ./Core/Src/main.o
                0x2000010c                time_key2_press
 .bss.time_key1_press
                0x20000110        0x4 ./Core/Src/main.o
                0x20000110                time_key1_press
 .bss.i.0       0x20000114        0x1 ./Core/Src/stm32l0xx_it.o
 *fill*         0x20000115        0x3 
 .bss.__sbrk_heap_end
                0x20000118        0x4 ./Core/Src/sysmem.o
 .bss.uwTick    0x2000011c        0x4 ./Drivers/STM32L0xx_HAL_Driver/Src/stm32l0xx_hal.o
                0x2000011c                uwTick
 .bss.pFlash    0x20000120       0x18 ./Drivers/STM32L0xx_HAL_Driver/Src/stm32l0xx_hal_flash.o
                0x20000120                pFlash
 .bss.__sf      0x20000138      0x138 /opt/st/stm32cubeide_1.16.0/plugins/com.st.stm32cube.ide.mcu.externaltools.gnu-tools-for-stm32.12.3.rel1.linux64_1.0.200.202406132123/tools/bin/../lib/gcc/arm-none-eabi/12.3.1/../../../../arm-none-eabi/lib/thumb/v6-m/nofp/libc_nano.a(libc_a-findfp.o)
                0x20000138                __sf
 .bss.errno     0x20000270        0x4 /opt/st/stm32cubeide_1.16.0/plugins/com.st.stm32cube.ide.mcu.externaltools.gnu-tools-for-stm32.12.3.rel1.linux64_1.0.200.202406132123/tools/bin/../lib/gcc/arm-none-eabi/12.3.1/../../../../arm-none-eabi/lib/thumb/v6-m/nofp/libc_nano.a(libc_a-reent.o)
                0x20000270                errno
 .bss.__lock___malloc_recursive_mutex
                0x20000274        0x1 /opt/st/stm32cubeide_1.16.0/plugins/com.st.stm32cube.ide.mcu.externaltools.gnu-tools-for-stm32.12.3.rel1.linux64_1.0.200.202406132123/tools/bin/../lib/gcc/arm-none-eabi/12.3.1/../../../../arm-none-eabi/lib/thumb/v6-m/nofp/libc_nano.a(libc_a-lock.o)
                0x20000274                __lock___malloc_recursive_mutex
 *fill*         0x20000275        0x3 
 .bss.__malloc_sbrk_start
                0x20000278        0x4 /opt/st/stm32cubeide_1.16.0/plugins/com.st.stm32cube.ide.mcu.externaltools.gnu-tools-for-stm32.12.3.rel1.linux64_1.0.200.202406132123/tools/bin/../lib/gcc/arm-none-eabi/12.3.1/../../../../arm-none-eabi/lib/thumb/v6-m/nofp/libc_nano.a(libc_a-mallocr.o)
                0x20000278                __malloc_sbrk_start
 .bss.__malloc_free_list
                0x2000027c        0x4 /opt/st/stm32cubeide_1.16.0/plugins/com.st.stm32cube.ide.mcu.externaltools.gnu-tools-for-stm32.12.3.rel1.linux64_1.0.200.202406132123/tools/bin/../lib/gcc/arm-none-eabi/12.3.1/../../../../arm-none-eabi/lib/thumb/v6-m/nofp/libc_nano.a(libc_a-mallocr.o)
                0x2000027c                __malloc_free_list
 *(COMMON)
                0x20000280                        . = ALIGN (0x4)
                0x20000280                        _ebss = .
                0x20000280                        __bss_end__ = _ebss

._user_heap_stack
                0x20000280      0x400 load address 0x080037ec
                0x20000280                        . = ALIGN (0x8)
                [!provide]                        PROVIDE (end = .)
                0x20000280                        PROVIDE (_end = .)
                0x20000480                        . = (. + _Min_Heap_Size)
 *fill*         0x20000280      0x200 
                0x20000680                        . = (. + _Min_Stack_Size)
 *fill*         0x20000480      0x200 
                0x20000680                        . = ALIGN (0x8)

/DISCARD/
 libc.a(*)
 libm.a(*)
 libgcc.a(*)

.ARM.attributes
                0x00000000       0x28
 *(.ARM.attributes)
 .ARM.attributes
                0x00000000       0x1e /opt/st/stm32cubeide_1.16.0/plugins/com.st.stm32cube.ide.mcu.externaltools.gnu-tools-for-stm32.12.3.rel1.linux64_1.0.200.202406132123/tools/bin/../lib/gcc/arm-none-eabi/12.3.1/thumb/v6-m/nofp/crti.o
 .ARM.attributes
                0x0000001e       0x2c /opt/st/stm32cubeide_1.16.0/plugins/com.st.stm32cube.ide.mcu.externaltools.gnu-tools-for-stm32.12.3.rel1.linux64_1.0.200.202406132123/tools/bin/../lib/gcc/arm-none-eabi/12.3.1/thumb/v6-m/nofp/crtbegin.o
 .ARM.attributes
                0x0000004a       0x2c ./Core/Src/hd44780.o
 .ARM.attributes
                0x00000076       0x2c ./Core/Src/main.o
 .ARM.attributes
                0x000000a2       0x2c ./Core/Src/stm32l0xx_hal_msp.o
 .ARM.attributes
                0x000000ce       0x2c ./Core/Src/stm32l0xx_it.o
 .ARM.attributes
                0x000000fa       0x2c ./Core/Src/sysmem.o
 .ARM.attributes
                0x00000126       0x2c ./Core/Src/system_stm32l0xx.o
 .ARM.attributes
                0x00000152       0x22 ./Core/Startup/startup_stm32l010f4px.o
 .ARM.attributes
                0x00000174       0x2c ./Drivers/STM32L0xx_HAL_Driver/Src/stm32l0xx_hal.o
 .ARM.attributes
                0x000001a0       0x2c ./Drivers/STM32L0xx_HAL_Driver/Src/stm32l0xx_hal_cortex.o
 .ARM.attributes
                0x000001cc       0x2c ./Drivers/STM32L0xx_HAL_Driver/Src/stm32l0xx_hal_flash.o
 .ARM.attributes
                0x000001f8       0x2c ./Drivers/STM32L0xx_HAL_Driver/Src/stm32l0xx_hal_flash_ex.o
 .ARM.attributes
                0x00000224       0x2c ./Drivers/STM32L0xx_HAL_Driver/Src/stm32l0xx_hal_gpio.o
 .ARM.attributes
                0x00000250       0x2c ./Drivers/STM32L0xx_HAL_Driver/Src/stm32l0xx_hal_i2c.o
 .ARM.attributes
                0x0000027c       0x2c ./Drivers/STM32L0xx_HAL_Driver/Src/stm32l0xx_hal_i2c_ex.o
 .ARM.attributes
                0x000002a8       0x2c ./Drivers/STM32L0xx_HAL_Driver/Src/stm32l0xx_hal_rcc.o
 .ARM.attributes
                0x000002d4       0x2c ./Drivers/STM32L0xx_HAL_Driver/Src/stm32l0xx_hal_rcc_ex.o
 .ARM.attributes
                0x00000300       0x2c ./Drivers/STM32L0xx_HAL_Driver/Src/stm32l0xx_ll_adc.o
 .ARM.attributes
                0x0000032c       0x2c ./Drivers/STM32L0xx_HAL_Driver/Src/stm32l0xx_ll_gpio.o
 .ARM.attributes
                0x00000358       0x2c ./Drivers/STM32L0xx_HAL_Driver/Src/stm32l0xx_ll_rcc.o
 .ARM.attributes
                0x00000384       0x2c ./Drivers/STM32L0xx_HAL_Driver/Src/stm32l0xx_ll_tim.o
 .ARM.attributes
                0x000003b0       0x2c ./Drivers/STM32L0xx_HAL_Driver/Src/stm32l0xx_ll_usart.o
 .ARM.attributes
                0x000003dc       0x2c ./Drivers/STM32L0xx_HAL_Driver/Src/stm32l0xx_ll_utils.o
 .ARM.attributes
                0x00000408       0x2c /opt/st/stm32cubeide_1.16.0/plugins/com.st.stm32cube.ide.mcu.externaltools.gnu-tools-for-stm32.12.3.rel1.linux64_1.0.200.202406132123/tools/bin/../lib/gcc/arm-none-eabi/12.3.1/../../../../arm-none-eabi/lib/thumb/v6-m/nofp/libc_nano.a(libc_a-findfp.o)
 .ARM.attributes
                0x00000434       0x2c /opt/st/stm32cubeide_1.16.0/plugins/com.st.stm32cube.ide.mcu.externaltools.gnu-tools-for-stm32.12.3.rel1.linux64_1.0.200.202406132123/tools/bin/../lib/gcc/arm-none-eabi/12.3.1/../../../../arm-none-eabi/lib/thumb/v6-m/nofp/libc_nano.a(libc_a-sprintf.o)
 .ARM.attributes
                0x00000460       0x2c /opt/st/stm32cubeide_1.16.0/plugins/com.st.stm32cube.ide.mcu.externaltools.gnu-tools-for-stm32.12.3.rel1.linux64_1.0.200.202406132123/tools/bin/../lib/gcc/arm-none-eabi/12.3.1/../../../../arm-none-eabi/lib/thumb/v6-m/nofp/libc_nano.a(libc_a-memset.o)
 .ARM.attributes
                0x0000048c       0x2c /opt/st/stm32cubeide_1.16.0/plugins/com.st.stm32cube.ide.mcu.externaltools.gnu-tools-for-stm32.12.3.rel1.linux64_1.0.200.202406132123/tools/bin/../lib/gcc/arm-none-eabi/12.3.1/../../../../arm-none-eabi/lib/thumb/v6-m/nofp/libc_nano.a(libc_a-reent.o)
 .ARM.attributes
                0x000004b8       0x2c /opt/st/stm32cubeide_1.16.0/plugins/com.st.stm32cube.ide.mcu.externaltools.gnu-tools-for-stm32.12.3.rel1.linux64_1.0.200.202406132123/tools/bin/../lib/gcc/arm-none-eabi/12.3.1/../../../../arm-none-eabi/lib/thumb/v6-m/nofp/libc_nano.a(libc_a-impure.o)
 .ARM.attributes
                0x000004e4       0x2c /opt/st/stm32cubeide_1.16.0/plugins/com.st.stm32cube.ide.mcu.externaltools.gnu-tools-for-stm32.12.3.rel1.linux64_1.0.200.202406132123/tools/bin/../lib/gcc/arm-none-eabi/12.3.1/../../../../arm-none-eabi/lib/thumb/v6-m/nofp/libc_nano.a(libc_a-errno.o)
 .ARM.attributes
                0x00000510       0x2c /opt/st/stm32cubeide_1.16.0/plugins/com.st.stm32cube.ide.mcu.externaltools.gnu-tools-for-stm32.12.3.rel1.linux64_1.0.200.202406132123/tools/bin/../lib/gcc/arm-none-eabi/12.3.1/../../../../arm-none-eabi/lib/thumb/v6-m/nofp/libc_nano.a(libc_a-init.o)
 .ARM.attributes
                0x0000053c       0x2c /opt/st/stm32cubeide_1.16.0/plugins/com.st.stm32cube.ide.mcu.externaltools.gnu-tools-for-stm32.12.3.rel1.linux64_1.0.200.202406132123/tools/bin/../lib/gcc/arm-none-eabi/12.3.1/../../../../arm-none-eabi/lib/thumb/v6-m/nofp/libc_nano.a(libc_a-lock.o)
 .ARM.attributes
                0x00000568       0x2c /opt/st/stm32cubeide_1.16.0/plugins/com.st.stm32cube.ide.mcu.externaltools.gnu-tools-for-stm32.12.3.rel1.linux64_1.0.200.202406132123/tools/bin/../lib/gcc/arm-none-eabi/12.3.1/../../../../arm-none-eabi/lib/thumb/v6-m/nofp/libc_nano.a(libc_a-freer.o)
 .ARM.attributes
                0x00000594       0x2c /opt/st/stm32cubeide_1.16.0/plugins/com.st.stm32cube.ide.mcu.externaltools.gnu-tools-for-stm32.12.3.rel1.linux64_1.0.200.202406132123/tools/bin/../lib/gcc/arm-none-eabi/12.3.1/../../../../arm-none-eabi/lib/thumb/v6-m/nofp/libc_nano.a(libc_a-mallocr.o)
 .ARM.attributes
                0x000005c0       0x2c /opt/st/stm32cubeide_1.16.0/plugins/com.st.stm32cube.ide.mcu.externaltools.gnu-tools-for-stm32.12.3.rel1.linux64_1.0.200.202406132123/tools/bin/../lib/gcc/arm-none-eabi/12.3.1/../../../../arm-none-eabi/lib/thumb/v6-m/nofp/libc_nano.a(libc_a-mlock.o)
 .ARM.attributes
                0x000005ec       0x2c /opt/st/stm32cubeide_1.16.0/plugins/com.st.stm32cube.ide.mcu.externaltools.gnu-tools-for-stm32.12.3.rel1.linux64_1.0.200.202406132123/tools/bin/../lib/gcc/arm-none-eabi/12.3.1/../../../../arm-none-eabi/lib/thumb/v6-m/nofp/libc_nano.a(libc_a-nano-svfprintf.o)
 .ARM.attributes
                0x00000618       0x2c /opt/st/stm32cubeide_1.16.0/plugins/com.st.stm32cube.ide.mcu.externaltools.gnu-tools-for-stm32.12.3.rel1.linux64_1.0.200.202406132123/tools/bin/../lib/gcc/arm-none-eabi/12.3.1/../../../../arm-none-eabi/lib/thumb/v6-m/nofp/libc_nano.a(libc_a-nano-vfprintf_i.o)
 .ARM.attributes
                0x00000644       0x2c /opt/st/stm32cubeide_1.16.0/plugins/com.st.stm32cube.ide.mcu.externaltools.gnu-tools-for-stm32.12.3.rel1.linux64_1.0.200.202406132123/tools/bin/../lib/gcc/arm-none-eabi/12.3.1/../../../../arm-none-eabi/lib/thumb/v6-m/nofp/libc_nano.a(libc_a-memmove.o)
 .ARM.attributes
                0x00000670       0x2c /opt/st/stm32cubeide_1.16.0/plugins/com.st.stm32cube.ide.mcu.externaltools.gnu-tools-for-stm32.12.3.rel1.linux64_1.0.200.202406132123/tools/bin/../lib/gcc/arm-none-eabi/12.3.1/../../../../arm-none-eabi/lib/thumb/v6-m/nofp/libc_nano.a(libc_a-sbrkr.o)
 .ARM.attributes
                0x0000069c       0x2c /opt/st/stm32cubeide_1.16.0/plugins/com.st.stm32cube.ide.mcu.externaltools.gnu-tools-for-stm32.12.3.rel1.linux64_1.0.200.202406132123/tools/bin/../lib/gcc/arm-none-eabi/12.3.1/../../../../arm-none-eabi/lib/thumb/v6-m/nofp/libc_nano.a(libc_a-memchr-stub.o)
 .ARM.attributes
                0x000006c8       0x2c /opt/st/stm32cubeide_1.16.0/plugins/com.st.stm32cube.ide.mcu.externaltools.gnu-tools-for-stm32.12.3.rel1.linux64_1.0.200.202406132123/tools/bin/../lib/gcc/arm-none-eabi/12.3.1/../../../../arm-none-eabi/lib/thumb/v6-m/nofp/libc_nano.a(libc_a-memcpy-stub.o)
 .ARM.attributes
                0x000006f4       0x2c /opt/st/stm32cubeide_1.16.0/plugins/com.st.stm32cube.ide.mcu.externaltools.gnu-tools-for-stm32.12.3.rel1.linux64_1.0.200.202406132123/tools/bin/../lib/gcc/arm-none-eabi/12.3.1/../../../../arm-none-eabi/lib/thumb/v6-m/nofp/libc_nano.a(libc_a-reallocr.o)
 .ARM.attributes
                0x00000720       0x2c /opt/st/stm32cubeide_1.16.0/plugins/com.st.stm32cube.ide.mcu.externaltools.gnu-tools-for-stm32.12.3.rel1.linux64_1.0.200.202406132123/tools/bin/../lib/gcc/arm-none-eabi/12.3.1/../../../../arm-none-eabi/lib/thumb/v6-m/nofp/libc_nano.a(libc_a-msizer.o)
 .ARM.attributes
                0x0000074c       0x1e /opt/st/stm32cubeide_1.16.0/plugins/com.st.stm32cube.ide.mcu.externaltools.gnu-tools-for-stm32.12.3.rel1.linux64_1.0.200.202406132123/tools/bin/../lib/gcc/arm-none-eabi/12.3.1/thumb/v6-m/nofp/libgcc.a(_thumb1_case_uqi.o)
 .ARM.attributes
                0x0000076a       0x1e /opt/st/stm32cubeide_1.16.0/plugins/com.st.stm32cube.ide.mcu.externaltools.gnu-tools-for-stm32.12.3.rel1.linux64_1.0.200.202406132123/tools/bin/../lib/gcc/arm-none-eabi/12.3.1/thumb/v6-m/nofp/libgcc.a(_thumb1_case_shi.o)
 .ARM.attributes
                0x00000788       0x1e /opt/st/stm32cubeide_1.16.0/plugins/com.st.stm32cube.ide.mcu.externaltools.gnu-tools-for-stm32.12.3.rel1.linux64_1.0.200.202406132123/tools/bin/../lib/gcc/arm-none-eabi/12.3.1/thumb/v6-m/nofp/libgcc.a(_udivsi3.o)
 .ARM.attributes
                0x000007a6       0x1e /opt/st/stm32cubeide_1.16.0/plugins/com.st.stm32cube.ide.mcu.externaltools.gnu-tools-for-stm32.12.3.rel1.linux64_1.0.200.202406132123/tools/bin/../lib/gcc/arm-none-eabi/12.3.1/thumb/v6-m/nofp/libgcc.a(_divsi3.o)
 .ARM.attributes
                0x000007c4       0x1e /opt/st/stm32cubeide_1.16.0/plugins/com.st.stm32cube.ide.mcu.externaltools.gnu-tools-for-stm32.12.3.rel1.linux64_1.0.200.202406132123/tools/bin/../lib/gcc/arm-none-eabi/12.3.1/thumb/v6-m/nofp/libgcc.a(_dvmd_tls.o)
 .ARM.attributes
                0x000007e2       0x1e /opt/st/stm32cubeide_1.16.0/plugins/com.st.stm32cube.ide.mcu.externaltools.gnu-tools-for-stm32.12.3.rel1.linux64_1.0.200.202406132123/tools/bin/../lib/gcc/arm-none-eabi/12.3.1/thumb/v6-m/nofp/libgcc.a(_aeabi_uldivmod.o)
 .ARM.attributes
                0x00000800       0x2c /opt/st/stm32cubeide_1.16.0/plugins/com.st.stm32cube.ide.mcu.externaltools.gnu-tools-for-stm32.12.3.rel1.linux64_1.0.200.202406132123/tools/bin/../lib/gcc/arm-none-eabi/12.3.1/thumb/v6-m/nofp/libgcc.a(_muldi3.o)
 .ARM.attributes
                0x0000082c       0x2c /opt/st/stm32cubeide_1.16.0/plugins/com.st.stm32cube.ide.mcu.externaltools.gnu-tools-for-stm32.12.3.rel1.linux64_1.0.200.202406132123/tools/bin/../lib/gcc/arm-none-eabi/12.3.1/thumb/v6-m/nofp/libgcc.a(_udivmoddi4.o)
 .ARM.attributes
                0x00000858       0x1e /opt/st/stm32cubeide_1.16.0/plugins/com.st.stm32cube.ide.mcu.externaltools.gnu-tools-for-stm32.12.3.rel1.linux64_1.0.200.202406132123/tools/bin/../lib/gcc/arm-none-eabi/12.3.1/thumb/v6-m/nofp/libgcc.a(_clzsi2.o)
 .ARM.attributes
                0x00000876       0x1e /opt/st/stm32cubeide_1.16.0/plugins/com.st.stm32cube.ide.mcu.externaltools.gnu-tools-for-stm32.12.3.rel1.linux64_1.0.200.202406132123/tools/bin/../lib/gcc/arm-none-eabi/12.3.1/thumb/v6-m/nofp/libgcc.a(_clzdi2.o)
 .ARM.attributes
                0x00000894       0x1e /opt/st/stm32cubeide_1.16.0/plugins/com.st.stm32cube.ide.mcu.externaltools.gnu-tools-for-stm32.12.3.rel1.linux64_1.0.200.202406132123/tools/bin/../lib/gcc/arm-none-eabi/12.3.1/thumb/v6-m/nofp/crtn.o
OUTPUT(Rotator.elf elf32-littlearm)
LOAD linker stubs
LOAD /opt/st/stm32cubeide_1.16.0/plugins/com.st.stm32cube.ide.mcu.externaltools.gnu-tools-for-stm32.12.3.rel1.linux64_1.0.200.202406132123/tools/bin/../lib/gcc/arm-none-eabi/12.3.1/../../../../arm-none-eabi/lib/thumb/v6-m/nofp/libc.a
LOAD /opt/st/stm32cubeide_1.16.0/plugins/com.st.stm32cube.ide.mcu.externaltools.gnu-tools-for-stm32.12.3.rel1.linux64_1.0.200.202406132123/tools/bin/../lib/gcc/arm-none-eabi/12.3.1/../../../../arm-none-eabi/lib/thumb/v6-m/nofp/libm.a
LOAD /opt/st/stm32cubeide_1.16.0/plugins/com.st.stm32cube.ide.mcu.externaltools.gnu-tools-for-stm32.12.3.rel1.linux64_1.0.200.202406132123/tools/bin/../lib/gcc/arm-none-eabi/12.3.1/thumb/v6-m/nofp/libgcc.a

.debug_info     0x00000000    0x11cc2
 .debug_info    0x00000000     0x1095 ./Core/Src/hd44780.o
 .debug_info    0x00001095     0x3b27 ./Core/Src/main.o
 .debug_info    0x00004bbc      0x9b2 ./Core/Src/stm32l0xx_hal_msp.o
 .debug_info    0x0000556e      0x8a7 ./Core/Src/stm32l0xx_it.o
 .debug_info    0x00005e15      0x186 ./Core/Src/sysmem.o
 .debug_info    0x00005f9b      0x2fb ./Core/Src/system_stm32l0xx.o
 .debug_info    0x00006296       0x30 ./Core/Startup/startup_stm32l010f4px.o
 .debug_info    0x000062c6      0x8ef ./Drivers/STM32L0xx_HAL_Driver/Src/stm32l0xx_hal.o
 .debug_info    0x00006bb5      0x7f1 ./Drivers/STM32L0xx_HAL_Driver/Src/stm32l0xx_hal_cortex.o
 .debug_info    0x000073a6      0x66c ./Drivers/STM32L0xx_HAL_Driver/Src/stm32l0xx_hal_flash.o
 .debug_info    0x00007a12      0xdba ./Drivers/STM32L0xx_HAL_Driver/Src/stm32l0xx_hal_flash_ex.o
 .debug_info    0x000087cc      0x66a ./Drivers/STM32L0xx_HAL_Driver/Src/stm32l0xx_hal_gpio.o
 .debug_info    0x00008e36     0x3b5b ./Drivers/STM32L0xx_HAL_Driver/Src/stm32l0xx_hal_i2c.o
 .debug_info    0x0000c991      0x6c0 ./Drivers/STM32L0xx_HAL_Driver/Src/stm32l0xx_hal_i2c_ex.o
 .debug_info    0x0000d051      0xbbc ./Drivers/STM32L0xx_HAL_Driver/Src/stm32l0xx_hal_rcc.o
 .debug_info    0x0000dc0d      0x4e0 ./Drivers/STM32L0xx_HAL_Driver/Src/stm32l0xx_hal_rcc_ex.o
 .debug_info    0x0000e0ed      0x8fc ./Drivers/STM32L0xx_HAL_Driver/Src/stm32l0xx_ll_adc.o
 .debug_info    0x0000e9e9      0x700 ./Drivers/STM32L0xx_HAL_Driver/Src/stm32l0xx_ll_gpio.o
 .debug_info    0x0000f0e9      0x9e4 ./Drivers/STM32L0xx_HAL_Driver/Src/stm32l0xx_ll_rcc.o
 .debug_info    0x0000facd      0xef7 ./Drivers/STM32L0xx_HAL_Driver/Src/stm32l0xx_ll_tim.o
 .debug_info    0x000109c4      0x736 ./Drivers/STM32L0xx_HAL_Driver/Src/stm32l0xx_ll_usart.o
 .debug_info    0x000110fa      0xbc8 ./Drivers/STM32L0xx_HAL_Driver/Src/stm32l0xx_ll_utils.o

.debug_abbrev   0x00000000     0x392a
 .debug_abbrev  0x00000000      0x3a5 ./Core/Src/hd44780.o
 .debug_abbrev  0x000003a5      0x58e ./Core/Src/main.o
 .debug_abbrev  0x00000933      0x1ee ./Core/Src/stm32l0xx_hal_msp.o
 .debug_abbrev  0x00000b21      0x327 ./Core/Src/stm32l0xx_it.o
 .debug_abbrev  0x00000e48       0xdc ./Core/Src/sysmem.o
 .debug_abbrev  0x00000f24      0x138 ./Core/Src/system_stm32l0xx.o
 .debug_abbrev  0x0000105c       0x24 ./Core/Startup/startup_stm32l010f4px.o
 .debug_abbrev  0x00001080      0x304 ./Drivers/STM32L0xx_HAL_Driver/Src/stm32l0xx_hal.o
 .debug_abbrev  0x00001384      0x27f ./Drivers/STM32L0xx_HAL_Driver/Src/stm32l0xx_hal_cortex.o
 .debug_abbrev  0x00001603      0x30d ./Drivers/STM32L0xx_HAL_Driver/Src/stm32l0xx_hal_flash.o
 .debug_abbrev  0x00001910      0x31d ./Drivers/STM32L0xx_HAL_Driver/Src/stm32l0xx_hal_flash_ex.o
 .debug_abbrev  0x00001c2d      0x1e9 ./Drivers/STM32L0xx_HAL_Driver/Src/stm32l0xx_hal_gpio.o
 .debug_abbrev  0x00001e16      0x3b6 ./Drivers/STM32L0xx_HAL_Driver/Src/stm32l0xx_hal_i2c.o
 .debug_abbrev  0x000021cc      0x17b ./Drivers/STM32L0xx_HAL_Driver/Src/stm32l0xx_hal_i2c_ex.o
 .debug_abbrev  0x00002347      0x2dd ./Drivers/STM32L0xx_HAL_Driver/Src/stm32l0xx_hal_rcc.o
 .debug_abbrev  0x00002624      0x1e0 ./Drivers/STM32L0xx_HAL_Driver/Src/stm32l0xx_hal_rcc_ex.o
 .debug_abbrev  0x00002804      0x2a5 ./Drivers/STM32L0xx_HAL_Driver/Src/stm32l0xx_ll_adc.o
 .debug_abbrev  0x00002aa9      0x20e ./Drivers/STM32L0xx_HAL_Driver/Src/stm32l0xx_ll_gpio.o
 .debug_abbrev  0x00002cb7      0x34e ./Drivers/STM32L0xx_HAL_Driver/Src/stm32l0xx_ll_rcc.o
 .debug_abbrev  0x00003005      0x2f4 ./Drivers/STM32L0xx_HAL_Driver/Src/stm32l0xx_ll_tim.o
 .debug_abbrev  0x000032f9      0x2be ./Drivers/STM32L0xx_HAL_Driver/Src/stm32l0xx_ll_usart.o
 .debug_abbrev  0x000035b7      0x373 ./Drivers/STM32L0xx_HAL_Driver/Src/stm32l0xx_ll_utils.o

.debug_loclists
                0x00000000     0x6261
 .debug_loclists
                0x00000000      0x3e6 ./Core/Src/hd44780.o
 .debug_loclists
                0x000003e6      0x85f ./Core/Src/main.o
 .debug_loclists
                0x00000c45       0x41 ./Core/Src/stm32l0xx_hal_msp.o
 .debug_loclists
                0x00000c86      0x173 ./Core/Src/stm32l0xx_it.o
 .debug_loclists
                0x00000df9       0x49 ./Core/Src/sysmem.o
 .debug_loclists
                0x00000e42      0x113 ./Core/Src/system_stm32l0xx.o
 .debug_loclists
                0x00000f55       0xe1 ./Drivers/STM32L0xx_HAL_Driver/Src/stm32l0xx_hal.o
 .debug_loclists
                0x00001036      0x28b ./Drivers/STM32L0xx_HAL_Driver/Src/stm32l0xx_hal_cortex.o
 .debug_loclists
                0x000012c1      0x1b0 ./Drivers/STM32L0xx_HAL_Driver/Src/stm32l0xx_hal_flash.o
 .debug_loclists
                0x00001471      0x751 ./Drivers/STM32L0xx_HAL_Driver/Src/stm32l0xx_hal_flash_ex.o
 .debug_loclists
                0x00001bc2      0x290 ./Drivers/STM32L0xx_HAL_Driver/Src/stm32l0xx_hal_gpio.o
 .debug_loclists
                0x00001e52     0x2874 ./Drivers/STM32L0xx_HAL_Driver/Src/stm32l0xx_hal_i2c.o
 .debug_loclists
                0x000046c6      0x12e ./Drivers/STM32L0xx_HAL_Driver/Src/stm32l0xx_hal_i2c_ex.o
 .debug_loclists
                0x000047f4      0x484 ./Drivers/STM32L0xx_HAL_Driver/Src/stm32l0xx_hal_rcc.o
 .debug_loclists
                0x00004c78      0x232 ./Drivers/STM32L0xx_HAL_Driver/Src/stm32l0xx_hal_rcc_ex.o
 .debug_loclists
                0x00004eaa      0x207 ./Drivers/STM32L0xx_HAL_Driver/Src/stm32l0xx_ll_adc.o
 .debug_loclists
                0x000050b1      0x181 ./Drivers/STM32L0xx_HAL_Driver/Src/stm32l0xx_ll_gpio.o
 .debug_loclists
                0x00005232      0x279 ./Drivers/STM32L0xx_HAL_Driver/Src/stm32l0xx_ll_rcc.o
 .debug_loclists
                0x000054ab      0x6ec ./Drivers/STM32L0xx_HAL_Driver/Src/stm32l0xx_ll_tim.o
 .debug_loclists
                0x00005b97      0x216 ./Drivers/STM32L0xx_HAL_Driver/Src/stm32l0xx_ll_usart.o
 .debug_loclists
                0x00005dad      0x4b4 ./Drivers/STM32L0xx_HAL_Driver/Src/stm32l0xx_ll_utils.o

.debug_aranges  0x00000000      0xad8
 .debug_aranges
                0x00000000       0xb0 ./Core/Src/hd44780.o
 .debug_aranges
                0x000000b0       0xc0 ./Core/Src/main.o
 .debug_aranges
                0x00000170       0x30 ./Core/Src/stm32l0xx_hal_msp.o
 .debug_aranges
                0x000001a0       0x60 ./Core/Src/stm32l0xx_it.o
 .debug_aranges
                0x00000200       0x20 ./Core/Src/sysmem.o
 .debug_aranges
                0x00000220       0x28 ./Core/Src/system_stm32l0xx.o
 .debug_aranges
                0x00000248       0x28 ./Core/Startup/startup_stm32l010f4px.o
 .debug_aranges
                0x00000270      0x110 ./Drivers/STM32L0xx_HAL_Driver/Src/stm32l0xx_hal.o
 .debug_aranges
                0x00000380       0x78 ./Drivers/STM32L0xx_HAL_Driver/Src/stm32l0xx_hal_cortex.o
 .debug_aranges
                0x000003f8       0x80 ./Drivers/STM32L0xx_HAL_Driver/Src/stm32l0xx_hal_flash.o
 .debug_aranges
                0x00000478       0x98 ./Drivers/STM32L0xx_HAL_Driver/Src/stm32l0xx_hal_flash_ex.o
 .debug_aranges
                0x00000510       0x58 ./Drivers/STM32L0xx_HAL_Driver/Src/stm32l0xx_hal_gpio.o
 .debug_aranges
                0x00000568      0x290 ./Drivers/STM32L0xx_HAL_Driver/Src/stm32l0xx_hal_i2c.o
 .debug_aranges
                0x000007f8       0x38 ./Drivers/STM32L0xx_HAL_Driver/Src/stm32l0xx_hal_i2c_ex.o
 .debug_aranges
                0x00000830       0x68 ./Drivers/STM32L0xx_HAL_Driver/Src/stm32l0xx_hal_rcc.o
 .debug_aranges
                0x00000898       0x58 ./Drivers/STM32L0xx_HAL_Driver/Src/stm32l0xx_hal_rcc_ex.o
 .debug_aranges
                0x000008f0       0x58 ./Drivers/STM32L0xx_HAL_Driver/Src/stm32l0xx_ll_adc.o
 .debug_aranges
                0x00000948       0x30 ./Drivers/STM32L0xx_HAL_Driver/Src/stm32l0xx_ll_gpio.o
 .debug_aranges
                0x00000978       0x70 ./Drivers/STM32L0xx_HAL_Driver/Src/stm32l0xx_ll_rcc.o
 .debug_aranges
                0x000009e8       0x60 ./Drivers/STM32L0xx_HAL_Driver/Src/stm32l0xx_ll_tim.o
 .debug_aranges
                0x00000a48       0x40 ./Drivers/STM32L0xx_HAL_Driver/Src/stm32l0xx_ll_usart.o
 .debug_aranges
                0x00000a88       0x50 ./Drivers/STM32L0xx_HAL_Driver/Src/stm32l0xx_ll_utils.o

.debug_rnglists
                0x00000000      0xedc
 .debug_rnglists
                0x00000000       0xb2 ./Core/Src/hd44780.o
 .debug_rnglists
                0x000000b2      0x34f ./Core/Src/main.o
 .debug_rnglists
                0x00000401       0x31 ./Core/Src/stm32l0xx_hal_msp.o
 .debug_rnglists
                0x00000432       0x8c ./Core/Src/stm32l0xx_it.o
 .debug_rnglists
                0x000004be       0x13 ./Core/Src/sysmem.o
 .debug_rnglists
                0x000004d1       0x1a ./Core/Src/system_stm32l0xx.o
 .debug_rnglists
                0x000004eb       0x1a ./Core/Startup/startup_stm32l010f4px.o
 .debug_rnglists
                0x00000505       0xc7 ./Drivers/STM32L0xx_HAL_Driver/Src/stm32l0xx_hal.o
 .debug_rnglists
                0x000005cc       0x85 ./Drivers/STM32L0xx_HAL_Driver/Src/stm32l0xx_hal_cortex.o
 .debug_rnglists
                0x00000651       0x5d ./Drivers/STM32L0xx_HAL_Driver/Src/stm32l0xx_hal_flash.o
 .debug_rnglists
                0x000006ae       0xc2 ./Drivers/STM32L0xx_HAL_Driver/Src/stm32l0xx_hal_flash_ex.o
 .debug_rnglists
                0x00000770       0x3f ./Drivers/STM32L0xx_HAL_Driver/Src/stm32l0xx_hal_gpio.o
 .debug_rnglists
                0x000007af      0x234 ./Drivers/STM32L0xx_HAL_Driver/Src/stm32l0xx_hal_i2c.o
 .debug_rnglists
                0x000009e3       0x25 ./Drivers/STM32L0xx_HAL_Driver/Src/stm32l0xx_hal_i2c_ex.o
 .debug_rnglists
                0x00000a08       0x8a ./Drivers/STM32L0xx_HAL_Driver/Src/stm32l0xx_hal_rcc.o
 .debug_rnglists
                0x00000a92       0x3f ./Drivers/STM32L0xx_HAL_Driver/Src/stm32l0xx_hal_rcc_ex.o
 .debug_rnglists
                0x00000ad1       0x98 ./Drivers/STM32L0xx_HAL_Driver/Src/stm32l0xx_ll_adc.o
 .debug_rnglists
                0x00000b69       0x3b ./Drivers/STM32L0xx_HAL_Driver/Src/stm32l0xx_ll_gpio.o
 .debug_rnglists
                0x00000ba4      0x120 ./Drivers/STM32L0xx_HAL_Driver/Src/stm32l0xx_ll_rcc.o
 .debug_rnglists
                0x00000cc4       0x5d ./Drivers/STM32L0xx_HAL_Driver/Src/stm32l0xx_ll_tim.o
 .debug_rnglists
                0x00000d21       0x62 ./Drivers/STM32L0xx_HAL_Driver/Src/stm32l0xx_ll_usart.o
 .debug_rnglists
                0x00000d83      0x159 ./Drivers/STM32L0xx_HAL_Driver/Src/stm32l0xx_ll_utils.o

.debug_macro    0x00000000    0x146ce
 .debug_macro   0x00000000      0x352 ./Core/Src/hd44780.o
 .debug_macro   0x00000352      0xa96 ./Core/Src/hd44780.o
 .debug_macro   0x00000de8      0x119 ./Core/Src/hd44780.o
 .debug_macro   0x00000f01       0x2e ./Core/Src/hd44780.o
 .debug_macro   0x00000f2f       0x28 ./Core/Src/hd44780.o
 .debug_macro   0x00000f57       0x22 ./Core/Src/hd44780.o
 .debug_macro   0x00000f79       0x8e ./Core/Src/hd44780.o
 .debug_macro   0x00001007       0x51 ./Core/Src/hd44780.o
 .debug_macro   0x00001058      0x103 ./Core/Src/hd44780.o
 .debug_macro   0x0000115b       0x6a ./Core/Src/hd44780.o
 .debug_macro   0x000011c5      0x1df ./Core/Src/hd44780.o
 .debug_macro   0x000013a4       0x1c ./Core/Src/hd44780.o
 .debug_macro   0x000013c0       0x22 ./Core/Src/hd44780.o
 .debug_macro   0x000013e2       0xaf ./Core/Src/hd44780.o
 .debug_macro   0x00001491      0x3ad ./Core/Src/hd44780.o
 .debug_macro   0x0000183e     0x78b6 ./Core/Src/hd44780.o
 .debug_macro   0x000090f4       0x66 ./Core/Src/hd44780.o
 .debug_macro   0x0000915a     0x3555 ./Core/Src/hd44780.o
 .debug_macro   0x0000c6af      0x189 ./Core/Src/hd44780.o
 .debug_macro   0x0000c838       0x5b ./Core/Src/hd44780.o
 .debug_macro   0x0000c893      0x899 ./Core/Src/hd44780.o
 .debug_macro   0x0000d12c      0x42e ./Core/Src/hd44780.o
 .debug_macro   0x0000d55a      0x183 ./Core/Src/hd44780.o
 .debug_macro   0x0000d6dd      0x13f ./Core/Src/hd44780.o
 .debug_macro   0x0000d81c       0xf1 ./Core/Src/hd44780.o
 .debug_macro   0x0000d90d       0x82 ./Core/Src/hd44780.o
 .debug_macro   0x0000d98f      0x24f ./Core/Src/hd44780.o
 .debug_macro   0x0000dbde       0x28 ./Core/Src/hd44780.o
 .debug_macro   0x0000dc06      0x129 ./Core/Src/hd44780.o
 .debug_macro   0x0000dd2f      0x1c6 ./Core/Src/hd44780.o
 .debug_macro   0x0000def5      0x22c ./Core/Src/hd44780.o
 .debug_macro   0x0000e121       0x5b ./Core/Src/hd44780.o
 .debug_macro   0x0000e17c       0xa5 ./Core/Src/hd44780.o
 .debug_macro   0x0000e221       0xb0 ./Core/Src/hd44780.o
 .debug_macro   0x0000e2d1       0x16 ./Core/Src/hd44780.o
 .debug_macro   0x0000e2e7      0x100 ./Core/Src/hd44780.o
 .debug_macro   0x0000e3e7      0x6a9 ./Core/Src/hd44780.o
 .debug_macro   0x0000ea90      0x545 ./Core/Src/hd44780.o
 .debug_macro   0x0000efd5      0x2f7 ./Core/Src/hd44780.o
 .debug_macro   0x0000f2cc      0x3b4 ./Core/Src/hd44780.o
 .debug_macro   0x0000f680      0x13d ./Core/Src/hd44780.o
 .debug_macro   0x0000f7bd      0x12d ./Core/Src/hd44780.o
 .debug_macro   0x0000f8ea       0xeb ./Core/Src/hd44780.o
 .debug_macro   0x0000f9d5       0xa7 ./Core/Src/hd44780.o
 .debug_macro   0x0000fa7c       0x16 ./Core/Src/hd44780.o
 .debug_macro   0x0000fa92       0x2a ./Core/Src/hd44780.o
 .debug_macro   0x0000fabc       0x93 ./Core/Src/hd44780.o
 .debug_macro   0x0000fb4f      0x285 ./Core/Src/hd44780.o
 .debug_macro   0x0000fdd4       0x61 ./Core/Src/hd44780.o
 .debug_macro   0x0000fe35       0x24 ./Core/Src/hd44780.o
 .debug_macro   0x0000fe59       0x43 ./Core/Src/hd44780.o
 .debug_macro   0x0000fe9c       0x34 ./Core/Src/hd44780.o
 .debug_macro   0x0000fed0       0x16 ./Core/Src/hd44780.o
 .debug_macro   0x0000fee6       0x35 ./Core/Src/hd44780.o
 .debug_macro   0x0000ff1b      0x369 ./Core/Src/hd44780.o
 .debug_macro   0x00010284       0x10 ./Core/Src/hd44780.o
 .debug_macro   0x00010294       0x16 ./Core/Src/hd44780.o
 .debug_macro   0x000102aa       0x43 ./Core/Src/hd44780.o
 .debug_macro   0x000102ed       0x34 ./Core/Src/hd44780.o
 .debug_macro   0x00010321       0x10 ./Core/Src/hd44780.o
 .debug_macro   0x00010331       0x58 ./Core/Src/hd44780.o
 .debug_macro   0x00010389       0x8e ./Core/Src/hd44780.o
 .debug_macro   0x00010417       0x1c ./Core/Src/hd44780.o
 .debug_macro   0x00010433      0x177 ./Core/Src/hd44780.o
 .debug_macro   0x000105aa       0x16 ./Core/Src/hd44780.o
 .debug_macro   0x000105c0       0x16 ./Core/Src/hd44780.o
 .debug_macro   0x000105d6      0x146 ./Core/Src/hd44780.o
 .debug_macro   0x0001071c       0x16 ./Core/Src/hd44780.o
 .debug_macro   0x00010732       0x20 ./Core/Src/hd44780.o
 .debug_macro   0x00010752       0x22 ./Core/Src/hd44780.o
 .debug_macro   0x00010774       0x70 ./Core/Src/hd44780.o
 .debug_macro   0x000107e4       0xaf ./Core/Src/hd44780.o
 .debug_macro   0x00010893       0x82 ./Core/Src/hd44780.o
 .debug_macro   0x00010915      0x34a ./Core/Src/main.o
 .debug_macro   0x00010c5f      0x328 ./Core/Src/stm32l0xx_hal_msp.o
 .debug_macro   0x00010f87      0x332 ./Core/Src/stm32l0xx_it.o
 .debug_macro   0x000112b9       0xff ./Core/Src/sysmem.o
 .debug_macro   0x000113b8      0x23c ./Core/Src/sysmem.o
 .debug_macro   0x000115f4      0x19c ./Core/Src/system_stm32l0xx.o
 .debug_macro   0x00011790      0x1c0 ./Drivers/STM32L0xx_HAL_Driver/Src/stm32l0xx_hal.o
 .debug_macro   0x00011950      0x19c ./Drivers/STM32L0xx_HAL_Driver/Src/stm32l0xx_hal_cortex.o
 .debug_macro   0x00011aec      0x19d ./Drivers/STM32L0xx_HAL_Driver/Src/stm32l0xx_hal_flash.o
 .debug_macro   0x00011c89      0x19c ./Drivers/STM32L0xx_HAL_Driver/Src/stm32l0xx_hal_flash_ex.o
 .debug_macro   0x00011e25      0x1a3 ./Drivers/STM32L0xx_HAL_Driver/Src/stm32l0xx_hal_gpio.o
 .debug_macro   0x00011fc8      0x261 ./Drivers/STM32L0xx_HAL_Driver/Src/stm32l0xx_hal_i2c.o
 .debug_macro   0x00012229      0x19c ./Drivers/STM32L0xx_HAL_Driver/Src/stm32l0xx_hal_i2c_ex.o
 .debug_macro   0x000123c5      0x1c0 ./Drivers/STM32L0xx_HAL_Driver/Src/stm32l0xx_hal_rcc.o
 .debug_macro   0x00012585      0x19c ./Drivers/STM32L0xx_HAL_Driver/Src/stm32l0xx_hal_rcc_ex.o
 .debug_macro   0x00012721      0x213 ./Drivers/STM32L0xx_HAL_Driver/Src/stm32l0xx_ll_adc.o
 .debug_macro   0x00012934      0x6a3 ./Drivers/STM32L0xx_HAL_Driver/Src/stm32l0xx_ll_adc.o
 .debug_macro   0x00012fd7      0x1de ./Drivers/STM32L0xx_HAL_Driver/Src/stm32l0xx_ll_gpio.o
 .debug_macro   0x000131b5      0x127 ./Drivers/STM32L0xx_HAL_Driver/Src/stm32l0xx_ll_gpio.o
 .debug_macro   0x000132dc      0x1c9 ./Drivers/STM32L0xx_HAL_Driver/Src/stm32l0xx_ll_rcc.o
 .debug_macro   0x000134a5      0x3ae ./Drivers/STM32L0xx_HAL_Driver/Src/stm32l0xx_ll_rcc.o
 .debug_macro   0x00013853      0x1fc ./Drivers/STM32L0xx_HAL_Driver/Src/stm32l0xx_ll_tim.o
 .debug_macro   0x00013a4f      0x53f ./Drivers/STM32L0xx_HAL_Driver/Src/stm32l0xx_ll_tim.o
 .debug_macro   0x00013f8e      0x20b ./Drivers/STM32L0xx_HAL_Driver/Src/stm32l0xx_ll_usart.o
 .debug_macro   0x00014199      0x2f1 ./Drivers/STM32L0xx_HAL_Driver/Src/stm32l0xx_ll_usart.o
 .debug_macro   0x0001448a      0x244 ./Drivers/STM32L0xx_HAL_Driver/Src/stm32l0xx_ll_utils.o

.debug_line     0x00000000    0x146c2
 .debug_line    0x00000000      0xe29 ./Core/Src/hd44780.o
 .debug_line    0x00000e29     0x1f76 ./Core/Src/main.o
 .debug_line    0x00002d9f      0x9a8 ./Core/Src/stm32l0xx_hal_msp.o
 .debug_line    0x00003747      0xc4b ./Core/Src/stm32l0xx_it.o
 .debug_line    0x00004392      0x4e2 ./Core/Src/sysmem.o
 .debug_line    0x00004874      0x72b ./Core/Src/system_stm32l0xx.o
 .debug_line    0x00004f9f       0x8d ./Core/Startup/startup_stm32l010f4px.o
 .debug_line    0x0000502c      0xb1d ./Drivers/STM32L0xx_HAL_Driver/Src/stm32l0xx_hal.o
 .debug_line    0x00005b49      0xa07 ./Drivers/STM32L0xx_HAL_Driver/Src/stm32l0xx_hal_cortex.o
 .debug_line    0x00006550      0xc42 ./Drivers/STM32L0xx_HAL_Driver/Src/stm32l0xx_hal_flash.o
 .debug_line    0x00007192      0xf46 ./Drivers/STM32L0xx_HAL_Driver/Src/stm32l0xx_hal_flash_ex.o
 .debug_line    0x000080d8      0xb4b ./Drivers/STM32L0xx_HAL_Driver/Src/stm32l0xx_hal_gpio.o
 .debug_line    0x00008c23     0x5164 ./Drivers/STM32L0xx_HAL_Driver/Src/stm32l0xx_hal_i2c.o
 .debug_line    0x0000dd87      0x9cf ./Drivers/STM32L0xx_HAL_Driver/Src/stm32l0xx_hal_i2c_ex.o
 .debug_line    0x0000e756     0x1215 ./Drivers/STM32L0xx_HAL_Driver/Src/stm32l0xx_hal_rcc.o
 .debug_line    0x0000f96b      0xb0f ./Drivers/STM32L0xx_HAL_Driver/Src/stm32l0xx_hal_rcc_ex.o
 .debug_line    0x0001047a      0xa43 ./Drivers/STM32L0xx_HAL_Driver/Src/stm32l0xx_ll_adc.o
 .debug_line    0x00010ebd      0x890 ./Drivers/STM32L0xx_HAL_Driver/Src/stm32l0xx_ll_gpio.o
 .debug_line    0x0001174d      0xcda ./Drivers/STM32L0xx_HAL_Driver/Src/stm32l0xx_ll_rcc.o
 .debug_line    0x00012427      0xc35 ./Drivers/STM32L0xx_HAL_Driver/Src/stm32l0xx_ll_tim.o
 .debug_line    0x0001305c      0x91d ./Drivers/STM32L0xx_HAL_Driver/Src/stm32l0xx_ll_usart.o
 .debug_line    0x00013979      0xd49 ./Drivers/STM32L0xx_HAL_Driver/Src/stm32l0xx_ll_utils.o

.debug_str      0x00000000    0x6fced
 .debug_str     0x00000000    0x68e83 ./Core/Src/hd44780.o
                              0x69688 (size before relaxing)
 .debug_str     0x00068e83      0xe05 ./Core/Src/main.o
                              0x6a4ab (size before relaxing)
 .debug_str     0x00069c88       0x71 ./Core/Src/stm32l0xx_hal_msp.o
                              0x690cd (size before relaxing)
 .debug_str     0x00069cf9      0x12e ./Core/Src/stm32l0xx_it.o
                              0x68d43 (size before relaxing)
 .debug_str     0x00069e27      0x4dc ./Core/Src/sysmem.o
                               0x5ff5 (size before relaxing)
 .debug_str     0x0006a303       0x89 ./Core/Src/system_stm32l0xx.o
                              0x58ee3 (size before relaxing)
 .debug_str     0x0006a38c       0x44 ./Core/Startup/startup_stm32l010f4px.o
                                 0x6f (size before relaxing)
 .debug_str     0x0006a3d0      0x476 ./Drivers/STM32L0xx_HAL_Driver/Src/stm32l0xx_hal.o
                              0x5956a (size before relaxing)
 .debug_str     0x0006a846      0x146 ./Drivers/STM32L0xx_HAL_Driver/Src/stm32l0xx_hal_cortex.o
                              0x591b1 (size before relaxing)
 .debug_str     0x0006a98c      0x222 ./Drivers/STM32L0xx_HAL_Driver/Src/stm32l0xx_hal_flash.o
                              0x590cf (size before relaxing)
 .debug_str     0x0006abae      0x39e ./Drivers/STM32L0xx_HAL_Driver/Src/stm32l0xx_hal_flash_ex.o
                              0x593bf (size before relaxing)
 .debug_str     0x0006af4c       0xeb ./Drivers/STM32L0xx_HAL_Driver/Src/stm32l0xx_hal_gpio.o
                              0x59075 (size before relaxing)
 .debug_str     0x0006b037      0xd27 ./Drivers/STM32L0xx_HAL_Driver/Src/stm32l0xx_hal_i2c.o
                              0x5a149 (size before relaxing)
 .debug_str     0x0006bd5e       0x6a ./Drivers/STM32L0xx_HAL_Driver/Src/stm32l0xx_hal_i2c_ex.o
                              0x59336 (size before relaxing)
 .debug_str     0x0006bdc8      0x248 ./Drivers/STM32L0xx_HAL_Driver/Src/stm32l0xx_hal_rcc.o
                              0x59376 (size before relaxing)
 .debug_str     0x0006c010      0x116 ./Drivers/STM32L0xx_HAL_Driver/Src/stm32l0xx_hal_rcc_ex.o
                              0x590d9 (size before relaxing)
 .debug_str     0x0006c126      0xdd9 ./Drivers/STM32L0xx_HAL_Driver/Src/stm32l0xx_ll_adc.o
                              0x5e474 (size before relaxing)
 .debug_str     0x0006ceff      0x539 ./Drivers/STM32L0xx_HAL_Driver/Src/stm32l0xx_ll_gpio.o
                              0x59f8d (size before relaxing)
 .debug_str     0x0006d438      0x592 ./Drivers/STM32L0xx_HAL_Driver/Src/stm32l0xx_ll_rcc.o
                              0x5acca (size before relaxing)
 .debug_str     0x0006d9ca      0xddd ./Drivers/STM32L0xx_HAL_Driver/Src/stm32l0xx_ll_tim.o
                              0x5cbe1 (size before relaxing)
 .debug_str     0x0006e7a7      0x7f5 ./Drivers/STM32L0xx_HAL_Driver/Src/stm32l0xx_ll_usart.o
                              0x5c508 (size before relaxing)
 .debug_str     0x0006ef9c      0xd51 ./Drivers/STM32L0xx_HAL_Driver/Src/stm32l0xx_ll_utils.o
                              0x5c231 (size before relaxing)

.comment        0x00000000       0x43
 .comment       0x00000000       0x43 ./Core/Src/hd44780.o
                                 0x44 (size before relaxing)
 .comment       0x00000043       0x44 ./Core/Src/main.o
 .comment       0x00000043       0x44 ./Core/Src/stm32l0xx_hal_msp.o
 .comment       0x00000043       0x44 ./Core/Src/stm32l0xx_it.o
 .comment       0x00000043       0x44 ./Core/Src/sysmem.o
 .comment       0x00000043       0x44 ./Core/Src/system_stm32l0xx.o
 .comment       0x00000043       0x44 ./Drivers/STM32L0xx_HAL_Driver/Src/stm32l0xx_hal.o
 .comment       0x00000043       0x44 ./Drivers/STM32L0xx_HAL_Driver/Src/stm32l0xx_hal_cortex.o
 .comment       0x00000043       0x44 ./Drivers/STM32L0xx_HAL_Driver/Src/stm32l0xx_hal_flash.o
 .comment       0x00000043       0x44 ./Drivers/STM32L0xx_HAL_Driver/Src/stm32l0xx_hal_flash_ex.o
 .comment       0x00000043       0x44 ./Drivers/STM32L0xx_HAL_Driver/Src/stm32l0xx_hal_gpio.o
 .comment       0x00000043       0x44 ./Drivers/STM32L0xx_HAL_Driver/Src/stm32l0xx_hal_i2c.o
 .comment       0x00000043       0x44 ./Drivers/STM32L0xx_HAL_Driver/Src/stm32l0xx_hal_i2c_ex.o
 .comment       0x00000043       0x44 ./Drivers/STM32L0xx_HAL_Driver/Src/stm32l0xx_hal_rcc.o
 .comment       0x00000043       0x44 ./Drivers/STM32L0xx_HAL_Driver/Src/stm32l0xx_hal_rcc_ex.o
 .comment       0x00000043       0x44 ./Drivers/STM32L0xx_HAL_Driver/Src/stm32l0xx_ll_adc.o
 .comment       0x00000043       0x44 ./Drivers/STM32L0xx_HAL_Driver/Src/stm32l0xx_ll_gpio.o
 .comment       0x00000043       0x44 ./Drivers/STM32L0xx_HAL_Driver/Src/stm32l0xx_ll_rcc.o
 .comment       0x00000043       0x44 ./Drivers/STM32L0xx_HAL_Driver/Src/stm32l0xx_ll_tim.o
 .comment       0x00000043       0x44 ./Drivers/STM32L0xx_HAL_Driver/Src/stm32l0xx_ll_usart.o
 .comment       0x00000043       0x44 ./Drivers/STM32L0xx_HAL_Driver/Src/stm32l0xx_ll_utils.o

.debug_frame    0x00000000     0x2108
 .debug_frame   0x00000000      0x1f8 ./Core/Src/hd44780.o
 .debug_frame   0x000001f8      0x228 ./Core/Src/main.o
 .debug_frame   0x00000420       0x54 ./Core/Src/stm32l0xx_hal_msp.o
 .debug_frame   0x00000474       0xb8 ./Core/Src/stm32l0xx_it.o
 .debug_frame   0x0000052c       0x28 ./Core/Src/sysmem.o
 .debug_frame   0x00000554       0x38 ./Core/Src/system_stm32l0xx.o
 .debug_frame   0x0000058c      0x234 ./Drivers/STM32L0xx_HAL_Driver/Src/stm32l0xx_hal.o
 .debug_frame   0x000007c0       0xe0 ./Drivers/STM32L0xx_HAL_Driver/Src/stm32l0xx_hal_cortex.o
 .debug_frame   0x000008a0      0x124 ./Drivers/STM32L0xx_HAL_Driver/Src/stm32l0xx_hal_flash.o
 .debug_frame   0x000009c4      0x190 ./Drivers/STM32L0xx_HAL_Driver/Src/stm32l0xx_hal_flash_ex.o
 .debug_frame   0x00000b54       0xbc ./Drivers/STM32L0xx_HAL_Driver/Src/stm32l0xx_hal_gpio.o
 .debug_frame   0x00000c10      0x888 ./Drivers/STM32L0xx_HAL_Driver/Src/stm32l0xx_hal_i2c.o
 .debug_frame   0x00001498       0x98 ./Drivers/STM32L0xx_HAL_Driver/Src/stm32l0xx_hal_i2c_ex.o
 .debug_frame   0x00001530      0x114 ./Drivers/STM32L0xx_HAL_Driver/Src/stm32l0xx_hal_rcc.o
 .debug_frame   0x00001644       0xc4 ./Drivers/STM32L0xx_HAL_Driver/Src/stm32l0xx_hal_rcc_ex.o
 .debug_frame   0x00001708       0xc0 ./Drivers/STM32L0xx_HAL_Driver/Src/stm32l0xx_ll_adc.o
 .debug_frame   0x000017c8       0x54 ./Drivers/STM32L0xx_HAL_Driver/Src/stm32l0xx_ll_gpio.o
 .debug_frame   0x0000181c      0x100 ./Drivers/STM32L0xx_HAL_Driver/Src/stm32l0xx_ll_rcc.o
 .debug_frame   0x0000191c       0xcc ./Drivers/STM32L0xx_HAL_Driver/Src/stm32l0xx_ll_tim.o
 .debug_frame   0x000019e8       0x74 ./Drivers/STM32L0xx_HAL_Driver/Src/stm32l0xx_ll_usart.o
 .debug_frame   0x00001a5c       0xc0 ./Drivers/STM32L0xx_HAL_Driver/Src/stm32l0xx_ll_utils.o
 .debug_frame   0x00001b1c      0x138 /opt/st/stm32cubeide_1.16.0/plugins/com.st.stm32cube.ide.mcu.externaltools.gnu-tools-for-stm32.12.3.rel1.linux64_1.0.200.202406132123/tools/bin/../lib/gcc/arm-none-eabi/12.3.1/../../../../arm-none-eabi/lib/thumb/v6-m/nofp/libc_nano.a(libc_a-findfp.o)
 .debug_frame   0x00001c54       0x48 /opt/st/stm32cubeide_1.16.0/plugins/com.st.stm32cube.ide.mcu.externaltools.gnu-tools-for-stm32.12.3.rel1.linux64_1.0.200.202406132123/tools/bin/../lib/gcc/arm-none-eabi/12.3.1/../../../../arm-none-eabi/lib/thumb/v6-m/nofp/libc_nano.a(libc_a-sprintf.o)
 .debug_frame   0x00001c9c       0x20 /opt/st/stm32cubeide_1.16.0/plugins/com.st.stm32cube.ide.mcu.externaltools.gnu-tools-for-stm32.12.3.rel1.linux64_1.0.200.202406132123/tools/bin/../lib/gcc/arm-none-eabi/12.3.1/../../../../arm-none-eabi/lib/thumb/v6-m/nofp/libc_nano.a(libc_a-memset.o)
 .debug_frame   0x00001cbc       0x2c /opt/st/stm32cubeide_1.16.0/plugins/com.st.stm32cube.ide.mcu.externaltools.gnu-tools-for-stm32.12.3.rel1.linux64_1.0.200.202406132123/tools/bin/../lib/gcc/arm-none-eabi/12.3.1/../../../../arm-none-eabi/lib/thumb/v6-m/nofp/libc_nano.a(libc_a-reent.o)
 .debug_frame   0x00001ce8       0x20 /opt/st/stm32cubeide_1.16.0/plugins/com.st.stm32cube.ide.mcu.externaltools.gnu-tools-for-stm32.12.3.rel1.linux64_1.0.200.202406132123/tools/bin/../lib/gcc/arm-none-eabi/12.3.1/../../../../arm-none-eabi/lib/thumb/v6-m/nofp/libc_nano.a(libc_a-errno.o)
 .debug_frame   0x00001d08       0x2c /opt/st/stm32cubeide_1.16.0/plugins/com.st.stm32cube.ide.mcu.externaltools.gnu-tools-for-stm32.12.3.rel1.linux64_1.0.200.202406132123/tools/bin/../lib/gcc/arm-none-eabi/12.3.1/../../../../arm-none-eabi/lib/thumb/v6-m/nofp/libc_nano.a(libc_a-init.o)
 .debug_frame   0x00001d34       0xb0 /opt/st/stm32cubeide_1.16.0/plugins/com.st.stm32cube.ide.mcu.externaltools.gnu-tools-for-stm32.12.3.rel1.linux64_1.0.200.202406132123/tools/bin/../lib/gcc/arm-none-eabi/12.3.1/../../../../arm-none-eabi/lib/thumb/v6-m/nofp/libc_nano.a(libc_a-lock.o)
 .debug_frame   0x00001de4       0x2c /opt/st/stm32cubeide_1.16.0/plugins/com.st.stm32cube.ide.mcu.externaltools.gnu-tools-for-stm32.12.3.rel1.linux64_1.0.200.202406132123/tools/bin/../lib/gcc/arm-none-eabi/12.3.1/../../../../arm-none-eabi/lib/thumb/v6-m/nofp/libc_nano.a(libc_a-freer.o)
 .debug_frame   0x00001e10       0x50 /opt/st/stm32cubeide_1.16.0/plugins/com.st.stm32cube.ide.mcu.externaltools.gnu-tools-for-stm32.12.3.rel1.linux64_1.0.200.202406132123/tools/bin/../lib/gcc/arm-none-eabi/12.3.1/../../../../arm-none-eabi/lib/thumb/v6-m/nofp/libc_nano.a(libc_a-mallocr.o)
 .debug_frame   0x00001e60       0x40 /opt/st/stm32cubeide_1.16.0/plugins/com.st.stm32cube.ide.mcu.externaltools.gnu-tools-for-stm32.12.3.rel1.linux64_1.0.200.202406132123/tools/bin/../lib/gcc/arm-none-eabi/12.3.1/../../../../arm-none-eabi/lib/thumb/v6-m/nofp/libc_nano.a(libc_a-mlock.o)
 .debug_frame   0x00001ea0       0x74 /opt/st/stm32cubeide_1.16.0/plugins/com.st.stm32cube.ide.mcu.externaltools.gnu-tools-for-stm32.12.3.rel1.linux64_1.0.200.202406132123/tools/bin/../lib/gcc/arm-none-eabi/12.3.1/../../../../arm-none-eabi/lib/thumb/v6-m/nofp/libc_nano.a(libc_a-nano-svfprintf.o)
 .debug_frame   0x00001f14       0x54 /opt/st/stm32cubeide_1.16.0/plugins/com.st.stm32cube.ide.mcu.externaltools.gnu-tools-for-stm32.12.3.rel1.linux64_1.0.200.202406132123/tools/bin/../lib/gcc/arm-none-eabi/12.3.1/../../../../arm-none-eabi/lib/thumb/v6-m/nofp/libc_nano.a(libc_a-nano-vfprintf_i.o)
 .debug_frame   0x00001f68       0x28 /opt/st/stm32cubeide_1.16.0/plugins/com.st.stm32cube.ide.mcu.externaltools.gnu-tools-for-stm32.12.3.rel1.linux64_1.0.200.202406132123/tools/bin/../lib/gcc/arm-none-eabi/12.3.1/../../../../arm-none-eabi/lib/thumb/v6-m/nofp/libc_nano.a(libc_a-memmove.o)
 .debug_frame   0x00001f90       0x2c /opt/st/stm32cubeide_1.16.0/plugins/com.st.stm32cube.ide.mcu.externaltools.gnu-tools-for-stm32.12.3.rel1.linux64_1.0.200.202406132123/tools/bin/../lib/gcc/arm-none-eabi/12.3.1/../../../../arm-none-eabi/lib/thumb/v6-m/nofp/libc_nano.a(libc_a-sbrkr.o)
 .debug_frame   0x00001fbc       0x20 /opt/st/stm32cubeide_1.16.0/plugins/com.st.stm32cube.ide.mcu.externaltools.gnu-tools-for-stm32.12.3.rel1.linux64_1.0.200.202406132123/tools/bin/../lib/gcc/arm-none-eabi/12.3.1/../../../../arm-none-eabi/lib/thumb/v6-m/nofp/libc_nano.a(libc_a-memchr-stub.o)
 .debug_frame   0x00001fdc       0x28 /opt/st/stm32cubeide_1.16.0/plugins/com.st.stm32cube.ide.mcu.externaltools.gnu-tools-for-stm32.12.3.rel1.linux64_1.0.200.202406132123/tools/bin/../lib/gcc/arm-none-eabi/12.3.1/../../../../arm-none-eabi/lib/thumb/v6-m/nofp/libc_nano.a(libc_a-memcpy-stub.o)
 .debug_frame   0x00002004       0x34 /opt/st/stm32cubeide_1.16.0/plugins/com.st.stm32cube.ide.mcu.externaltools.gnu-tools-for-stm32.12.3.rel1.linux64_1.0.200.202406132123/tools/bin/../lib/gcc/arm-none-eabi/12.3.1/../../../../arm-none-eabi/lib/thumb/v6-m/nofp/libc_nano.a(libc_a-reallocr.o)
 .debug_frame   0x00002038       0x20 /opt/st/stm32cubeide_1.16.0/plugins/com.st.stm32cube.ide.mcu.externaltools.gnu-tools-for-stm32.12.3.rel1.linux64_1.0.200.202406132123/tools/bin/../lib/gcc/arm-none-eabi/12.3.1/../../../../arm-none-eabi/lib/thumb/v6-m/nofp/libc_nano.a(libc_a-msizer.o)
 .debug_frame   0x00002058       0x20 /opt/st/stm32cubeide_1.16.0/plugins/com.st.stm32cube.ide.mcu.externaltools.gnu-tools-for-stm32.12.3.rel1.linux64_1.0.200.202406132123/tools/bin/../lib/gcc/arm-none-eabi/12.3.1/thumb/v6-m/nofp/libgcc.a(_udivsi3.o)
 .debug_frame   0x00002078       0x20 /opt/st/stm32cubeide_1.16.0/plugins/com.st.stm32cube.ide.mcu.externaltools.gnu-tools-for-stm32.12.3.rel1.linux64_1.0.200.202406132123/tools/bin/../lib/gcc/arm-none-eabi/12.3.1/thumb/v6-m/nofp/libgcc.a(_divsi3.o)
 .debug_frame   0x00002098       0x34 /opt/st/stm32cubeide_1.16.0/plugins/com.st.stm32cube.ide.mcu.externaltools.gnu-tools-for-stm32.12.3.rel1.linux64_1.0.200.202406132123/tools/bin/../lib/gcc/arm-none-eabi/12.3.1/thumb/v6-m/nofp/libgcc.a(_muldi3.o)
 .debug_frame   0x000020cc       0x3c /opt/st/stm32cubeide_1.16.0/plugins/com.st.stm32cube.ide.mcu.externaltools.gnu-tools-for-stm32.12.3.rel1.linux64_1.0.200.202406132123/tools/bin/../lib/gcc/arm-none-eabi/12.3.1/thumb/v6-m/nofp/libgcc.a(_udivmoddi4.o)

.debug_line_str
                0x00000000       0x53
 .debug_line_str
                0x00000000       0x53 ./Core/Startup/startup_stm32l010f4px.o
