../Core/Src/hd44780.c:151:26:sendInternal.constprop.isra	32	static
../Core/Src/hd44780.c:329:6:cursorShift.part.0	8	static
../Core/Src/hd44780.c:238:6:lcdClrScr	8	static
../Core/Src/hd44780.c:261:6:lcdReturn	8	static
../Core/Src/hd44780.c:282:6:lcdScroll	8	static
../Core/Src/hd44780.c:329:6:cursorShift	8	static
../Core/Src/hd44780.c:374:6:lcdGoto	8	static
../Core/Src/hd44780.c:414:6:lcdSetMode	8	static
../Core/Src/hd44780.c:426:6:lcdPutc	8	static
../Core/Src/hd44780.c:444:6:lcdPuts	8	static
../Core/Src/hd44780.c:479:6:lcdLoadChar	16	static
../Core/Src/hd44780.c:495:6:lcdDrawChar	16	static
../Core/Src/hd44780.c:509:6:lcdBackSpace	8	static
../Core/Src/hd44780.c:531:6:lcdItos	16	static
../Core/Src/hd44780.c:577:6:lcdNtos	16	static
../Core/Src/hd44780.c:558:6:lcdFtos	16	static
../Core/Src/hd44780.c:717:6:lcdInit	8	static
../Core/Src/hd44780.c:760:6:lcdBackLightOn	8	static
../Core/Src/hd44780.c:766:6:lcdBackLightOff	8	static
