../Drivers/STM32L0xx_HAL_Driver/Inc/stm32l0xx_ll_bus.h:987:22:LL_IOP_GRP1_EnableClock	8	static
../Core/Src/main.c:126:6:ShowWarning	8	static
../Core/Src/main.c:216:10:ConvertCharToGradus	8	static
../Core/Src/main.c:243:6:ConvertGradusToChar	40	static
../Core/Src/main.c:251:6:USART2_Send	0	static
../Core/Src/main.c:256:6:USART2_Send_String	16	static
../Core/Src/main.c:268:6:ShowStartAzimuth	8	static
../Core/Src/main.c:133:6:CheckADC	8	static
../Core/Src/main.c:282:6:ReadCWButton	16	static
../Core/Src/main.c:302:6:ReadCCWButton	16	static
../Core/Src/main.c:323:6:UpdateLCDDisplay	8	static
../Core/Src/main.c:363:6:WriteToEEPROM	16	static
../Core/Src/main.c:113:6:SetDefault	8	static
../Core/Src/main.c:262:6:SaveSettings	8	static
../Core/Src/main.c:153:6:RotateFromUSART	32	static
../Core/Src/main.c:226:6:CheckUSART	8	static
../Core/Src/main.c:331:6:ReadStartButton	32	static
../Core/Src/main.c:387:10:ReadFromEEPROM	0	static
../Core/Src/main.c:500:6:SystemClock_Config	104	static,ignoring_inline_asm
../Core/Src/main.c:397:5:main	120	static,ignoring_inline_asm
../Core/Src/main.c:921:6:Error_Handler	0	static,ignoring_inline_asm
