../Drivers/STM32L0xx_HAL_Driver/Inc/stm32l0xx_ll_bus.h:987:22:LL_IOP_GRP1_EnableClock	8	static
../Core/Src/main.c:126:6:ShowWarning	8	static
../Core/Src/main.c:216:10:ConvertCharToGradus	8	static
../Core/Src/main.c:262:6:ConvertGradusToChar	24	static
../Core/Src/main.c:288:6:USART2_Send	0	static
../Core/Src/main.c:293:6:USART2_Send_String	16	static
../Core/Src/main.c:305:6:ShowStartAzimuth	8	static
../Core/Src/main.c:319:6:ReadCWButton	16	static
../Core/Src/main.c:339:6:ReadCCWButton	16	static
../Core/Src/main.c:417:6:WriteToEEPROM	16	static
../Core/Src/main.c:113:6:SetDefault	8	static
../Core/Src/main.c:299:6:SaveSettings	8	static
../Core/Src/main.c:153:6:RotateFromUSART	24	static
../Core/Src/main.c:240:6:CheckUSART	8	static
../Core/Src/main.c:359:6:ReadStartButton	24	static
../Core/Src/main.c:133:6:CheckADC	24	static
../Core/Src/main.c:441:10:ReadFromEEPROM	0	static
../Core/Src/main.c:554:6:SystemClock_Config	104	static,ignoring_inline_asm
../Core/Src/main.c:451:5:main	112	static,ignoring_inline_asm
../Core/Src/main.c:975:6:Error_Handler	0	static,ignoring_inline_asm
