stm32l0xx_ll_bus.h:987:22:LL_IOP_GRP1_EnableClock	8	static
main.c:95:6:ShowWarning	8	static
main.c:184:10:ConvertCharToGradus	8	static
main.c:230:6:ConvertGradusToChar	24	static
main.c:122:6:RotateFromUSART	24	static
main.c:256:6:USART2_Send	0	static
main.c:261:6:USART2_Send_String	16	static
main.c:208:6:CheckUSART	8	static
main.c:273:6:ShowStartAzimuth	8	static
main.c:287:6:ReadCWButton	16	static
main.c:307:6:ReadCCWButton	16	static
main.c:327:6:ReadStartButton	24	static
main.c:403:6:WriteToEEPROM	16	static
main.c:82:6:SetDefault	8	static
main.c:267:6:SaveSettings	8	static
main.c:102:6:CheckADC	24	static
main.c:427:10:ReadFromEEPROM	0	static
main.c:536:6:SystemClock_Config	104	static,ignoring_inline_asm
main.c:437:5:main	112	static,ignoring_inline_asm
main.c:949:6:Error_Handler	0	static,ignoring_inline_asm
