../Drivers/STM32L0xx_HAL_Driver/Inc/stm32l0xx_ll_bus.h:987:22:LL_IOP_GRP1_EnableClock	8	static
../Core/Src/main.c:126:6:ShowWarning	8	static
../Core/Src/main.c:215:10:ConvertCharToGradus	8	static
../Core/Src/main.c:261:6:ConvertGradusToChar	24	static
../Core/Src/main.c:153:6:RotateFromUSART	24	static
../Core/Src/main.c:287:6:USART2_Send	0	static
../Core/Src/main.c:292:6:USART2_Send_String	16	static
../Core/Src/main.c:239:6:CheckUSART	8	static
../Core/Src/main.c:304:6:ShowStartAzimuth	8	static
../Core/Src/main.c:318:6:ReadCWButton	16	static
../Core/Src/main.c:338:6:ReadCCWButton	16	static
../Core/Src/main.c:358:6:ReadStartButton	24	static
../Core/Src/main.c:416:6:WriteToEEPROM	16	static
../Core/Src/main.c:113:6:SetDefault	8	static
../Core/Src/main.c:298:6:SaveSettings	8	static
../Core/Src/main.c:133:6:CheckADC	24	static
../Core/Src/main.c:440:10:ReadFromEEPROM	0	static
../Core/Src/main.c:553:6:SystemClock_Config	104	static,ignoring_inline_asm
../Core/Src/main.c:450:5:main	112	static,ignoring_inline_asm
../Core/Src/main.c:974:6:Error_Handler	0	static,ignoring_inline_asm
