../Core/Src/stm32l0xx_it.c:80:6:NMI_Handler	0	static
../Core/Src/stm32l0xx_it.c:95:6:HardFault_Handler	0	static
../Core/Src/stm32l0xx_it.c:110:6:SVC_Handler	0	static
../Core/Src/stm32l0xx_it.c:123:6:PendSV_Handler	0	static
../Core/Src/stm32l0xx_it.c:136:6:SysTick_Handler	8	static
../Core/Src/stm32l0xx_it.c:157:6:ADC1_IRQHandler	0	static
../Core/Src/stm32l0xx_it.c:170:6:TIM2_IRQHandler	8	static
../Core/Src/stm32l0xx_it.c:199:6:TIM21_IRQHandler	0	static
../Core/Src/stm32l0xx_it.c:216:6:USART2_IRQHandler	8	static,ignoring_inline_asm
